[0.370s] Invoking command in '/home/ubuntu/rb3302_final_proj_code/student_ws/build/planning_rpp': CMAKE_PREFIX_PATH=${CMAKE_PREFIX_PATH}:/opt/ros/jazzy /usr/bin/cmake --build /home/ubuntu/rb3302_final_proj_code/student_ws/build/planning_rpp -- -j8 -l8
[0.406s] gmake: Warning: File 'Makefile' has modification time 7508684 s in the future
[0.493s] gmake[1]: Warning: File 'CMakeFiles/Makefile2' has modification time 7508684 s in the future
[0.493s] gmake[1]: warning:  Clock skew detected.  Your build may be incomplete.
[0.528s] gmake: warning:  Clock skew detected.  Your build may be incomplete.
[0.556s] Invoked command in '/home/ubuntu/rb3302_final_proj_code/student_ws/build/planning_rpp' returned '0': CMAKE_PREFIX_PATH=${CMAKE_PREFIX_PATH}:/opt/ros/jazzy /usr/bin/cmake --build /home/ubuntu/rb3302_final_proj_code/student_ws/build/planning_rpp -- -j8 -l8
[0.559s] Invoking command in '/home/ubuntu/rb3302_final_proj_code/student_ws/build/planning_rpp': CMAKE_PREFIX_PATH=${CMAKE_PREFIX_PATH}:/opt/ros/jazzy /usr/bin/cmake --install /home/ubuntu/rb3302_final_proj_code/student_ws/build/planning_rpp
[0.571s] -- Install configuration: ""
[0.572s] -- Execute custom install script
[0.572s] -- Up-to-date symlink: /home/ubuntu/rb3302_final_proj_code/student_ws/install/planning_rpp/share/planning_rpp/launch/__pycache__/planning.launch.cpython-312.pyc
[0.575s] -- Up-to-date symlink: /home/ubuntu/rb3302_final_proj_code/student_ws/install/planning_rpp/share/planning_rpp/launch/planning.launch.py
[0.576s] -- Up-to-date symlink: /home/ubuntu/rb3302_final_proj_code/student_ws/install/planning_rpp/share/planning_rpp/config/nav2_params.yaml
[0.577s] -- Up-to-date symlink: /home/ubuntu/rb3302_final_proj_code/student_ws/install/planning_rpp/share/planning_rpp/rviz/navigation.rviz
[0.577s] -- Up-to-date symlink: /home/ubuntu/rb3302_final_proj_code/student_ws/install/planning_rpp/share/ament_index/resource_index/package_run_dependencies/planning_rpp
[0.577s] -- Up-to-date symlink: /home/ubuntu/rb3302_final_proj_code/student_ws/install/planning_rpp/share/ament_index/resource_index/parent_prefix_path/planning_rpp
[0.578s] -- Up-to-date symlink: /home/ubuntu/rb3302_final_proj_code/student_ws/install/planning_rpp/share/planning_rpp/environment/ament_prefix_path.sh
[0.578s] -- Up-to-date symlink: /home/ubuntu/rb3302_final_proj_code/student_ws/install/planning_rpp/share/planning_rpp/environment/ament_prefix_path.dsv
[0.579s] -- Up-to-date symlink: /home/ubuntu/rb3302_final_proj_code/student_ws/install/planning_rpp/share/planning_rpp/environment/path.sh
[0.579s] -- Up-to-date symlink: /home/ubuntu/rb3302_final_proj_code/student_ws/install/planning_rpp/share/planning_rpp/environment/path.dsv
[0.579s] -- Up-to-date symlink: /home/ubuntu/rb3302_final_proj_code/student_ws/install/planning_rpp/share/planning_rpp/local_setup.bash
[0.580s] -- Up-to-date symlink: /home/ubuntu/rb3302_final_proj_code/student_ws/install/planning_rpp/share/planning_rpp/local_setup.sh
[0.580s] -- Up-to-date symlink: /home/ubuntu/rb3302_final_proj_code/student_ws/install/planning_rpp/share/planning_rpp/local_setup.zsh
[0.581s] -- Up-to-date symlink: /home/ubuntu/rb3302_final_proj_code/student_ws/install/planning_rpp/share/planning_rpp/local_setup.dsv
[0.581s] -- Symlinking: /home/ubuntu/rb3302_final_proj_code/student_ws/install/planning_rpp/share/planning_rpp/package.dsv
[0.617s] -- Up-to-date symlink: /home/ubuntu/rb3302_final_proj_code/student_ws/install/planning_rpp/share/ament_index/resource_index/packages/planning_rpp
[0.618s] -- Up-to-date symlink: /home/ubuntu/rb3302_final_proj_code/student_ws/install/planning_rpp/share/planning_rpp/cmake/planning_rppConfig.cmake
[0.618s] -- Up-to-date symlink: /home/ubuntu/rb3302_final_proj_code/student_ws/install/planning_rpp/share/planning_rpp/cmake/planning_rppConfig-version.cmake
[0.619s] -- Up-to-date symlink: /home/ubuntu/rb3302_final_proj_code/student_ws/install/planning_rpp/share/planning_rpp/package.xml
[0.621s] Invoked command in '/home/ubuntu/rb3302_final_proj_code/student_ws/build/planning_rpp' returned '0': CMAKE_PREFIX_PATH=${CMAKE_PREFIX_PATH}:/opt/ros/jazzy /usr/bin/cmake --install /home/ubuntu/rb3302_final_proj_code/student_ws/build/planning_rpp
