[0.029s] Invoking command in '/home/ubuntu/rb3302_final_proj_code/robot_ws/build/robot_model': /usr/bin/cmake --build /home/ubuntu/rb3302_final_proj_code/robot_ws/build/robot_model -- -j8 -l8
[0.423s] Invoked command in '/home/ubuntu/rb3302_final_proj_code/robot_ws/build/robot_model' returned '0': /usr/bin/cmake --build /home/ubuntu/rb3302_final_proj_code/robot_ws/build/robot_model -- -j8 -l8
[0.425s] Invoking command in '/home/ubuntu/rb3302_final_proj_code/robot_ws/build/robot_model': /usr/bin/cmake --install /home/ubuntu/rb3302_final_proj_code/robot_ws/build/robot_model
[0.443s] -- Install configuration: ""
[0.444s] -- Execute custom install script
[0.444s] -- Up-to-date symlink: /home/ubuntu/rb3302_final_proj_code/robot_ws/install/robot_model/share/robot_model/urdf/diffbot.urdf.xacro
[0.444s] -- Up-to-date symlink: /home/ubuntu/rb3302_final_proj_code/robot_ws/install/robot_model/share/robot_model/launch/description.launch.py
[0.445s] -- Up-to-date symlink: /home/ubuntu/rb3302_final_proj_code/robot_ws/install/robot_model/share/robot_model/rviz/description.rviz
[0.445s] -- Up-to-date symlink: /home/ubuntu/rb3302_final_proj_code/robot_ws/install/robot_model/share/ament_index/resource_index/package_run_dependencies/robot_model
[0.445s] -- Up-to-date symlink: /home/ubuntu/rb3302_final_proj_code/robot_ws/install/robot_model/share/ament_index/resource_index/parent_prefix_path/robot_model
[0.445s] -- Up-to-date symlink: /home/ubuntu/rb3302_final_proj_code/robot_ws/install/robot_model/share/robot_model/environment/ament_prefix_path.sh
[0.445s] -- Up-to-date symlink: /home/ubuntu/rb3302_final_proj_code/robot_ws/install/robot_model/share/robot_model/environment/ament_prefix_path.dsv
[0.445s] -- Up-to-date symlink: /home/ubuntu/rb3302_final_proj_code/robot_ws/install/robot_model/share/robot_model/environment/path.sh
[0.445s] -- Up-to-date symlink: /home/ubuntu/rb3302_final_proj_code/robot_ws/install/robot_model/share/robot_model/environment/path.dsv
[0.445s] -- Up-to-date symlink: /home/ubuntu/rb3302_final_proj_code/robot_ws/install/robot_model/share/robot_model/local_setup.bash
[0.446s] -- Up-to-date symlink: /home/ubuntu/rb3302_final_proj_code/robot_ws/install/robot_model/share/robot_model/local_setup.sh
[0.446s] -- Up-to-date symlink: /home/ubuntu/rb3302_final_proj_code/robot_ws/install/robot_model/share/robot_model/local_setup.zsh
[0.446s] -- Up-to-date symlink: /home/ubuntu/rb3302_final_proj_code/robot_ws/install/robot_model/share/robot_model/local_setup.dsv
[0.446s] -- Symlinking: /home/ubuntu/rb3302_final_proj_code/robot_ws/install/robot_model/share/robot_model/package.dsv
[0.487s] -- Up-to-date symlink: /home/ubuntu/rb3302_final_proj_code/robot_ws/install/robot_model/share/ament_index/resource_index/packages/robot_model
[0.487s] -- Up-to-date symlink: /home/ubuntu/rb3302_final_proj_code/robot_ws/install/robot_model/share/robot_model/cmake/robot_modelConfig.cmake
[0.487s] -- Up-to-date symlink: /home/ubuntu/rb3302_final_proj_code/robot_ws/install/robot_model/share/robot_model/cmake/robot_modelConfig-version.cmake
[0.487s] -- Up-to-date symlink: /home/ubuntu/rb3302_final_proj_code/robot_ws/install/robot_model/share/robot_model/package.xml
[0.537s] Invoked command in '/home/ubuntu/rb3302_final_proj_code/robot_ws/build/robot_model' returned '0': /usr/bin/cmake --install /home/ubuntu/rb3302_final_proj_code/robot_ws/build/robot_model
