[0.036s] Invoking command in '/home/ubuntu/rb3302_final_proj_code/robot_ws/build/serial': CMAKE_PREFIX_PATH=${CMAKE_PREFIX_PATH}:/opt/ros/jazzy /usr/bin/cmake --build /home/ubuntu/rb3302_final_proj_code/robot_ws/build/serial -- -j8 -l8
[0.072s] gmake: Warning: File 'Makefile' has modification time 7509110 s in the future
[0.143s] gmake[1]: Warning: File 'CMakeFiles/Makefile2' has modification time 7509110 s in the future
[0.151s] gmake[2]: Warning: File 'CMakeFiles/serial.dir/flags.make' has modification time 7509110 s in the future
[0.201s] gmake[2]: warning:  Clock skew detected.  Your build may be incomplete.
[0.208s] gmake[2]: Warning: File 'CMakeFiles/serial.dir/flags.make' has modification time 7509110 s in the future
[0.230s] gmake[2]: warning:  Clock skew detected.  Your build may be incomplete.
[0.249s] [100%] Built target serial
[0.250s] gmake[1]: warning:  Clock skew detected.  Your build may be incomplete.
[0.265s] gmake: warning:  Clock skew detected.  Your build may be incomplete.
[0.488s] Invoked command in '/home/ubuntu/rb3302_final_proj_code/robot_ws/build/serial' returned '0': CMAKE_PREFIX_PATH=${CMAKE_PREFIX_PATH}:/opt/ros/jazzy /usr/bin/cmake --build /home/ubuntu/rb3302_final_proj_code/robot_ws/build/serial -- -j8 -l8
[0.490s] Invoking command in '/home/ubuntu/rb3302_final_proj_code/robot_ws/build/serial': CMAKE_PREFIX_PATH=${CMAKE_PREFIX_PATH}:/opt/ros/jazzy /usr/bin/cmake --install /home/ubuntu/rb3302_final_proj_code/robot_ws/build/serial
[0.534s] -- Install configuration: ""
[0.535s] -- Execute custom install script
[0.539s] -- Up-to-date symlink: /home/ubuntu/rb3302_final_proj_code/robot_ws/install/serial/lib/libserial.a
[0.541s] -- Up-to-date symlink: /home/ubuntu/rb3302_final_proj_code/robot_ws/install/serial/share/serial/environment/library_path.sh
[0.541s] -- Up-to-date symlink: /home/ubuntu/rb3302_final_proj_code/robot_ws/install/serial/share/serial/environment/library_path.dsv
[0.542s] -- Up-to-date symlink: /home/ubuntu/rb3302_final_proj_code/robot_ws/install/serial/include/serial/impl/unix.h
[0.543s] -- Up-to-date symlink: /home/ubuntu/rb3302_final_proj_code/robot_ws/install/serial/include/serial/impl/win.h
[0.544s] -- Up-to-date symlink: /home/ubuntu/rb3302_final_proj_code/robot_ws/install/serial/include/serial/serial.h
[0.545s] -- Up-to-date symlink: /home/ubuntu/rb3302_final_proj_code/robot_ws/install/serial/include/serial/v8stdint.h
[0.547s] -- Up-to-date symlink: /home/ubuntu/rb3302_final_proj_code/robot_ws/install/serial/share/ament_index/resource_index/package_run_dependencies/serial
[0.548s] -- Up-to-date symlink: /home/ubuntu/rb3302_final_proj_code/robot_ws/install/serial/share/ament_index/resource_index/parent_prefix_path/serial
[0.550s] -- Up-to-date symlink: /home/ubuntu/rb3302_final_proj_code/robot_ws/install/serial/share/serial/environment/ament_prefix_path.sh
[0.552s] -- Up-to-date symlink: /home/ubuntu/rb3302_final_proj_code/robot_ws/install/serial/share/serial/environment/ament_prefix_path.dsv
[0.554s] -- Up-to-date symlink: /home/ubuntu/rb3302_final_proj_code/robot_ws/install/serial/share/serial/environment/path.sh
[0.554s] -- Up-to-date symlink: /home/ubuntu/rb3302_final_proj_code/robot_ws/install/serial/share/serial/environment/path.dsv
[0.555s] -- Up-to-date symlink: /home/ubuntu/rb3302_final_proj_code/robot_ws/install/serial/share/serial/local_setup.bash
[0.556s] -- Up-to-date symlink: /home/ubuntu/rb3302_final_proj_code/robot_ws/install/serial/share/serial/local_setup.sh
[0.556s] -- Up-to-date symlink: /home/ubuntu/rb3302_final_proj_code/robot_ws/install/serial/share/serial/local_setup.zsh
[0.557s] -- Up-to-date symlink: /home/ubuntu/rb3302_final_proj_code/robot_ws/install/serial/share/serial/local_setup.dsv
[0.557s] -- Symlinking: /home/ubuntu/rb3302_final_proj_code/robot_ws/install/serial/share/serial/package.dsv
[0.566s] -- Up-to-date symlink: /home/ubuntu/rb3302_final_proj_code/robot_ws/install/serial/share/ament_index/resource_index/packages/serial
[0.567s] -- Up-to-date symlink: /home/ubuntu/rb3302_final_proj_code/robot_ws/install/serial/share/serial/cmake/ament_cmake_export_include_directories-extras.cmake
[0.568s] -- Up-to-date symlink: /home/ubuntu/rb3302_final_proj_code/robot_ws/install/serial/share/serial/cmake/ament_cmake_export_libraries-extras.cmake
[0.569s] -- Up-to-date symlink: /home/ubuntu/rb3302_final_proj_code/robot_ws/install/serial/share/serial/cmake/ament_cmake_export_dependencies-extras.cmake
[0.571s] -- Up-to-date symlink: /home/ubuntu/rb3302_final_proj_code/robot_ws/install/serial/share/serial/cmake/serialConfig.cmake
[0.572s] -- Up-to-date symlink: /home/ubuntu/rb3302_final_proj_code/robot_ws/install/serial/share/serial/cmake/serialConfig-version.cmake
[0.573s] -- Up-to-date symlink: /home/ubuntu/rb3302_final_proj_code/robot_ws/install/serial/share/serial/package.xml
[0.639s] Invoked command in '/home/ubuntu/rb3302_final_proj_code/robot_ws/build/serial' returned '0': CMAKE_PREFIX_PATH=${CMAKE_PREFIX_PATH}:/opt/ros/jazzy /usr/bin/cmake --install /home/ubuntu/rb3302_final_proj_code/robot_ws/build/serial
