[0.045s] Invoking command in '/home/ubuntu/rb3302_final_proj_code/robot_ws/build/robot_model': CMAKE_PREFIX_PATH=${CMAKE_PREFIX_PATH}:/opt/ros/jazzy:/home/ubuntu/rb3302_final_proj_code/robot_ws/install/waverover_base /usr/bin/cmake --build /home/ubuntu/rb3302_final_proj_code/robot_ws/build/robot_model -- -j8 -l8
[0.492s] Invoked command in '/home/ubuntu/rb3302_final_proj_code/robot_ws/build/robot_model' returned '0': CMAKE_PREFIX_PATH=${CMAKE_PREFIX_PATH}:/opt/ros/jazzy:/home/ubuntu/rb3302_final_proj_code/robot_ws/install/waverover_base /usr/bin/cmake --build /home/ubuntu/rb3302_final_proj_code/robot_ws/build/robot_model -- -j8 -l8
[0.523s] Invoking command in '/home/ubuntu/rb3302_final_proj_code/robot_ws/build/robot_model': CMAKE_PREFIX_PATH=${CMAKE_PREFIX_PATH}:/opt/ros/jazzy:/home/ubuntu/rb3302_final_proj_code/robot_ws/install/waverover_base /usr/bin/cmake --install /home/ubuntu/rb3302_final_proj_code/robot_ws/build/robot_model
[0.560s] -- Install configuration: ""
[0.561s] -- Execute custom install script
[0.561s] -- Up-to-date symlink: /home/ubuntu/rb3302_final_proj_code/robot_ws/install/robot_model/share/robot_model/urdf/diffbot.urdf.xacro
[0.562s] -- Up-to-date symlink: /home/ubuntu/rb3302_final_proj_code/robot_ws/install/robot_model/share/robot_model/launch/description.launch.py
[0.563s] -- Up-to-date symlink: /home/ubuntu/rb3302_final_proj_code/robot_ws/install/robot_model/share/robot_model/rviz/description.rviz
[0.564s] -- Up-to-date symlink: /home/ubuntu/rb3302_final_proj_code/robot_ws/install/robot_model/share/ament_index/resource_index/package_run_dependencies/robot_model
[0.565s] -- Up-to-date symlink: /home/ubuntu/rb3302_final_proj_code/robot_ws/install/robot_model/share/ament_index/resource_index/parent_prefix_path/robot_model
[0.565s] -- Up-to-date symlink: /home/ubuntu/rb3302_final_proj_code/robot_ws/install/robot_model/share/robot_model/environment/ament_prefix_path.sh
[0.566s] -- Up-to-date symlink: /home/ubuntu/rb3302_final_proj_code/robot_ws/install/robot_model/share/robot_model/environment/ament_prefix_path.dsv
[0.566s] -- Up-to-date symlink: /home/ubuntu/rb3302_final_proj_code/robot_ws/install/robot_model/share/robot_model/environment/path.sh
[0.567s] -- Up-to-date symlink: /home/ubuntu/rb3302_final_proj_code/robot_ws/install/robot_model/share/robot_model/environment/path.dsv
[0.568s] -- Up-to-date symlink: /home/ubuntu/rb3302_final_proj_code/robot_ws/install/robot_model/share/robot_model/local_setup.bash
[0.568s] -- Up-to-date symlink: /home/ubuntu/rb3302_final_proj_code/robot_ws/install/robot_model/share/robot_model/local_setup.sh
[0.569s] -- Up-to-date symlink: /home/ubuntu/rb3302_final_proj_code/robot_ws/install/robot_model/share/robot_model/local_setup.zsh
[0.570s] -- Up-to-date symlink: /home/ubuntu/rb3302_final_proj_code/robot_ws/install/robot_model/share/robot_model/local_setup.dsv
[0.570s] -- Symlinking: /home/ubuntu/rb3302_final_proj_code/robot_ws/install/robot_model/share/robot_model/package.dsv
[0.583s] -- Up-to-date symlink: /home/ubuntu/rb3302_final_proj_code/robot_ws/install/robot_model/share/ament_index/resource_index/packages/robot_model
[0.584s] -- Up-to-date symlink: /home/ubuntu/rb3302_final_proj_code/robot_ws/install/robot_model/share/robot_model/cmake/robot_modelConfig.cmake
[0.584s] -- Up-to-date symlink: /home/ubuntu/rb3302_final_proj_code/robot_ws/install/robot_model/share/robot_model/cmake/robot_modelConfig-version.cmake
[0.584s] -- Up-to-date symlink: /home/ubuntu/rb3302_final_proj_code/robot_ws/install/robot_model/share/robot_model/package.xml
[0.703s] Invoked command in '/home/ubuntu/rb3302_final_proj_code/robot_ws/build/robot_model' returned '0': CMAKE_PREFIX_PATH=${CMAKE_PREFIX_PATH}:/opt/ros/jazzy:/home/ubuntu/rb3302_final_proj_code/robot_ws/install/waverover_base /usr/bin/cmake --install /home/ubuntu/rb3302_final_proj_code/robot_ws/build/robot_model
