[0.371s] Invoking command in '/home/ubuntu/rb3302_final_proj_code/student_ws/build/planning_astar': CMAKE_PREFIX_PATH=${CMAKE_PREFIX_PATH}:/opt/ros/jazzy /usr/bin/cmake --build /home/ubuntu/rb3302_final_proj_code/student_ws/build/planning_astar -- -j8 -l8
[0.381s] gmake: Warning: File 'Makefile' has modification time 7510026 s in the future
[0.449s] gmake[1]: Warning: File 'CMakeFiles/Makefile2' has modification time 7510026 s in the future
[0.450s] gmake[1]: warning:  Clock skew detected.  Your build may be incomplete.
[0.483s] gmake: warning:  Clock skew detected.  Your build may be incomplete.
[0.485s] Invoked command in '/home/ubuntu/rb3302_final_proj_code/student_ws/build/planning_astar' returned '0': CMAKE_PREFIX_PATH=${CMAKE_PREFIX_PATH}:/opt/ros/jazzy /usr/bin/cmake --build /home/ubuntu/rb3302_final_proj_code/student_ws/build/planning_astar -- -j8 -l8
[0.518s] Invoking command in '/home/ubuntu/rb3302_final_proj_code/student_ws/build/planning_astar': CMAKE_PREFIX_PATH=${CMAKE_PREFIX_PATH}:/opt/ros/jazzy /usr/bin/cmake --install /home/ubuntu/rb3302_final_proj_code/student_ws/build/planning_astar
[0.534s] -- Install configuration: ""
[0.534s] -- Execute custom install script
[0.534s] -- Up-to-date symlink: /home/ubuntu/rb3302_final_proj_code/student_ws/install/planning_astar/share/planning_astar/launch/__pycache__/planning.launch.cpython-312.pyc
[0.534s] -- Up-to-date symlink: /home/ubuntu/rb3302_final_proj_code/student_ws/install/planning_astar/share/planning_astar/launch/planning.launch.py
[0.536s] -- Up-to-date symlink: /home/ubuntu/rb3302_final_proj_code/student_ws/install/planning_astar/share/planning_astar/config/nav2_params.yaml
[0.537s] -- Up-to-date symlink: /home/ubuntu/rb3302_final_proj_code/student_ws/install/planning_astar/share/planning_astar/rviz/navigation.rviz
[0.538s] -- Up-to-date symlink: /home/ubuntu/rb3302_final_proj_code/student_ws/install/planning_astar/share/ament_index/resource_index/package_run_dependencies/planning_astar
[0.540s] -- Up-to-date symlink: /home/ubuntu/rb3302_final_proj_code/student_ws/install/planning_astar/share/ament_index/resource_index/parent_prefix_path/planning_astar
[0.540s] -- Up-to-date symlink: /home/ubuntu/rb3302_final_proj_code/student_ws/install/planning_astar/share/planning_astar/environment/ament_prefix_path.sh
[0.541s] -- Up-to-date symlink: /home/ubuntu/rb3302_final_proj_code/student_ws/install/planning_astar/share/planning_astar/environment/ament_prefix_path.dsv
[0.541s] -- Up-to-date symlink: /home/ubuntu/rb3302_final_proj_code/student_ws/install/planning_astar/share/planning_astar/environment/path.sh
[0.542s] -- Up-to-date symlink: /home/ubuntu/rb3302_final_proj_code/student_ws/install/planning_astar/share/planning_astar/environment/path.dsv
[0.543s] -- Up-to-date symlink: /home/ubuntu/rb3302_final_proj_code/student_ws/install/planning_astar/share/planning_astar/local_setup.bash
[0.543s] -- Up-to-date symlink: /home/ubuntu/rb3302_final_proj_code/student_ws/install/planning_astar/share/planning_astar/local_setup.sh
[0.544s] -- Up-to-date symlink: /home/ubuntu/rb3302_final_proj_code/student_ws/install/planning_astar/share/planning_astar/local_setup.zsh
[0.544s] -- Up-to-date symlink: /home/ubuntu/rb3302_final_proj_code/student_ws/install/planning_astar/share/planning_astar/local_setup.dsv
[0.545s] -- Symlinking: /home/ubuntu/rb3302_final_proj_code/student_ws/install/planning_astar/share/planning_astar/package.dsv
[0.580s] -- Up-to-date symlink: /home/ubuntu/rb3302_final_proj_code/student_ws/install/planning_astar/share/ament_index/resource_index/packages/planning_astar
[0.582s] -- Up-to-date symlink: /home/ubuntu/rb3302_final_proj_code/student_ws/install/planning_astar/share/planning_astar/cmake/planning_astarConfig.cmake
[0.583s] -- Up-to-date symlink: /home/ubuntu/rb3302_final_proj_code/student_ws/install/planning_astar/share/planning_astar/cmake/planning_astarConfig-version.cmake
[0.584s] -- Up-to-date symlink: /home/ubuntu/rb3302_final_proj_code/student_ws/install/planning_astar/share/planning_astar/package.xml
[0.586s] Invoked command in '/home/ubuntu/rb3302_final_proj_code/student_ws/build/planning_astar' returned '0': CMAKE_PREFIX_PATH=${CMAKE_PREFIX_PATH}:/opt/ros/jazzy /usr/bin/cmake --install /home/ubuntu/rb3302_final_proj_code/student_ws/build/planning_astar
