[0.054s] Invoking command in '/home/ubuntu/rb3302_final_proj_code/robot_ws/build/rplidar_ros': CMAKE_PREFIX_PATH=${CMAKE_PREFIX_PATH}:/opt/ros/jazzy /usr/bin/cmake --build /home/ubuntu/rb3302_final_proj_code/robot_ws/build/rplidar_ros -- -j8 -l8
[0.105s] gmake: Warning: File 'Makefile' has modification time 7510040 s in the future
[0.168s] gmake[1]: Warning: File 'CMakeFiles/Makefile2' has modification time 7510040 s in the future
[0.178s] gmake[2]: Warning: File 'CMakeFiles/rplidar_client.dir/flags.make' has modification time 7510040 s in the future
[0.178s] gmake[2]: Warning: File 'CMakeFiles/rplidar_composition.dir/flags.make' has modification time 7510040 s in the future
[0.178s] gmake[2]: Warning: File 'CMakeFiles/rplidar_node.dir/flags.make' has modification time 7510040 s in the future
[0.197s] gmake[2]: warning:  Clock skew detected.  Your build may be incomplete.
[0.202s] gmake[2]: warning:  Clock skew detected.  Your build may be incomplete.
[0.206s] gmake[2]: Warning: File 'CMakeFiles/rplidar_composition.dir/flags.make' has modification time 7510040 s in the future
[0.210s] gmake[2]: Warning: File 'CMakeFiles/rplidar_node.dir/flags.make' has modification time 7510040 s in the future
[0.218s] gmake[2]: warning:  Clock skew detected.  Your build may be incomplete.
[0.222s] gmake[2]: Warning: File 'CMakeFiles/rplidar_client.dir/flags.make' has modification time 7510040 s in the future
[0.241s] gmake[2]: warning:  Clock skew detected.  Your build may be incomplete.
[0.242s] gmake[2]: warning:  Clock skew detected.  Your build may be incomplete.
[0.243s] gmake[2]: warning:  Clock skew detected.  Your build may be incomplete.
[0.253s] [  5%] Built target rplidar_client
[0.278s] [ 94%] Built target rplidar_node
[0.279s] [100%] Built target rplidar_composition
[0.285s] gmake[1]: warning:  Clock skew detected.  Your build may be incomplete.
[0.298s] gmake: warning:  Clock skew detected.  Your build may be incomplete.
[0.504s] Invoked command in '/home/ubuntu/rb3302_final_proj_code/robot_ws/build/rplidar_ros' returned '0': CMAKE_PREFIX_PATH=${CMAKE_PREFIX_PATH}:/opt/ros/jazzy /usr/bin/cmake --build /home/ubuntu/rb3302_final_proj_code/robot_ws/build/rplidar_ros -- -j8 -l8
[0.506s] Invoking command in '/home/ubuntu/rb3302_final_proj_code/robot_ws/build/rplidar_ros': CMAKE_PREFIX_PATH=${CMAKE_PREFIX_PATH}:/opt/ros/jazzy /usr/bin/cmake --install /home/ubuntu/rb3302_final_proj_code/robot_ws/build/rplidar_ros
[0.520s] -- Install configuration: ""
[0.521s] -- Execute custom install script
[0.526s] -- Up-to-date symlink: /home/ubuntu/rb3302_final_proj_code/robot_ws/install/rplidar_ros/share/rplidar_ros/launch/rplidar_launch.py
[0.528s] -- Up-to-date symlink: /home/ubuntu/rb3302_final_proj_code/robot_ws/install/rplidar_ros/share/rplidar_ros/rviz/rplidar_ros.rviz
[0.528s] -- Up-to-date symlink: /home/ubuntu/rb3302_final_proj_code/robot_ws/install/rplidar_ros/lib/rplidar_ros/rplidar_node
[0.529s] -- Up-to-date symlink: /home/ubuntu/rb3302_final_proj_code/robot_ws/install/rplidar_ros/lib/rplidar_ros/rplidar_composition
[0.530s] -- Up-to-date symlink: /home/ubuntu/rb3302_final_proj_code/robot_ws/install/rplidar_ros/lib/rplidar_ros/rplidar_client
[0.533s] -- Up-to-date symlink: /home/ubuntu/rb3302_final_proj_code/robot_ws/install/rplidar_ros/share/ament_index/resource_index/package_run_dependencies/rplidar_ros
[0.533s] -- Up-to-date symlink: /home/ubuntu/rb3302_final_proj_code/robot_ws/install/rplidar_ros/share/ament_index/resource_index/parent_prefix_path/rplidar_ros
[0.534s] -- Up-to-date symlink: /home/ubuntu/rb3302_final_proj_code/robot_ws/install/rplidar_ros/share/rplidar_ros/environment/ament_prefix_path.sh
[0.535s] -- Up-to-date symlink: /home/ubuntu/rb3302_final_proj_code/robot_ws/install/rplidar_ros/share/rplidar_ros/environment/ament_prefix_path.dsv
[0.535s] -- Up-to-date symlink: /home/ubuntu/rb3302_final_proj_code/robot_ws/install/rplidar_ros/share/rplidar_ros/environment/path.sh
[0.538s] -- Up-to-date symlink: /home/ubuntu/rb3302_final_proj_code/robot_ws/install/rplidar_ros/share/rplidar_ros/environment/path.dsv
[0.540s] -- Up-to-date symlink: /home/ubuntu/rb3302_final_proj_code/robot_ws/install/rplidar_ros/share/rplidar_ros/local_setup.bash
[0.541s] -- Up-to-date symlink: /home/ubuntu/rb3302_final_proj_code/robot_ws/install/rplidar_ros/share/rplidar_ros/local_setup.sh
[0.542s] -- Up-to-date symlink: /home/ubuntu/rb3302_final_proj_code/robot_ws/install/rplidar_ros/share/rplidar_ros/local_setup.zsh
[0.543s] -- Up-to-date symlink: /home/ubuntu/rb3302_final_proj_code/robot_ws/install/rplidar_ros/share/rplidar_ros/local_setup.dsv
[0.545s] -- Symlinking: /home/ubuntu/rb3302_final_proj_code/robot_ws/install/rplidar_ros/share/rplidar_ros/package.dsv
[0.558s] -- Up-to-date symlink: /home/ubuntu/rb3302_final_proj_code/robot_ws/install/rplidar_ros/share/ament_index/resource_index/packages/rplidar_ros
[0.558s] -- Up-to-date symlink: /home/ubuntu/rb3302_final_proj_code/robot_ws/install/rplidar_ros/share/rplidar_ros/cmake/ament_cmake_export_dependencies-extras.cmake
[0.559s] -- Up-to-date symlink: /home/ubuntu/rb3302_final_proj_code/robot_ws/install/rplidar_ros/share/rplidar_ros/cmake/ament_cmake_export_include_directories-extras.cmake
[0.559s] -- Up-to-date symlink: /home/ubuntu/rb3302_final_proj_code/robot_ws/install/rplidar_ros/share/rplidar_ros/cmake/rplidar_rosConfig.cmake
[0.559s] -- Up-to-date symlink: /home/ubuntu/rb3302_final_proj_code/robot_ws/install/rplidar_ros/share/rplidar_ros/cmake/rplidar_rosConfig-version.cmake
[0.559s] -- Up-to-date symlink: /home/ubuntu/rb3302_final_proj_code/robot_ws/install/rplidar_ros/share/rplidar_ros/package.xml
[0.560s] Invoked command in '/home/ubuntu/rb3302_final_proj_code/robot_ws/build/rplidar_ros' returned '0': CMAKE_PREFIX_PATH=${CMAKE_PREFIX_PATH}:/opt/ros/jazzy /usr/bin/cmake --install /home/ubuntu/rb3302_final_proj_code/robot_ws/build/rplidar_ros
