[0.057s] Invoking command in '/home/ubuntu/rb3302_final_proj_code/robot_ws/build/serial': CMAKE_PREFIX_PATH=${CMAKE_PREFIX_PATH}:/opt/ros/jazzy /usr/bin/cmake --build /home/ubuntu/rb3302_final_proj_code/robot_ws/build/serial -- -j8 -l8
[0.136s] gmake: Warning: File 'Makefile' has modification time 7510039 s in the future
[0.226s] gmake[1]: Warning: File 'CMakeFiles/Makefile2' has modification time 7510039 s in the future
[0.235s] gmake[2]: Warning: File 'CMakeFiles/serial.dir/flags.make' has modification time 7510039 s in the future
[0.272s] gmake[2]: warning:  Clock skew detected.  Your build may be incomplete.
[0.275s] gmake[2]: Warning: File 'CMakeFiles/serial.dir/flags.make' has modification time 7510039 s in the future
[0.277s] gmake[2]: warning:  Clock skew detected.  Your build may be incomplete.
[0.315s] [100%] Built target serial
[0.316s] gmake[1]: warning:  Clock skew detected.  Your build may be incomplete.
[0.355s] gmake: warning:  Clock skew detected.  Your build may be incomplete.
[0.532s] Invoked command in '/home/ubuntu/rb3302_final_proj_code/robot_ws/build/serial' returned '0': CMAKE_PREFIX_PATH=${CMAKE_PREFIX_PATH}:/opt/ros/jazzy /usr/bin/cmake --build /home/ubuntu/rb3302_final_proj_code/robot_ws/build/serial -- -j8 -l8
[0.534s] Invoking command in '/home/ubuntu/rb3302_final_proj_code/robot_ws/build/serial': CMAKE_PREFIX_PATH=${CMAKE_PREFIX_PATH}:/opt/ros/jazzy /usr/bin/cmake --install /home/ubuntu/rb3302_final_proj_code/robot_ws/build/serial
[0.563s] -- Install configuration: ""
[0.566s] -- Execute custom install script
[0.566s] -- Up-to-date symlink: /home/ubuntu/rb3302_final_proj_code/robot_ws/install/serial/lib/libserial.a
[0.568s] -- Up-to-date symlink: /home/ubuntu/rb3302_final_proj_code/robot_ws/install/serial/share/serial/environment/library_path.sh
[0.575s] -- Up-to-date symlink: /home/ubuntu/rb3302_final_proj_code/robot_ws/install/serial/share/serial/environment/library_path.dsv
[0.578s] -- Up-to-date symlink: /home/ubuntu/rb3302_final_proj_code/robot_ws/install/serial/include/serial/impl/unix.h
[0.578s] -- Up-to-date symlink: /home/ubuntu/rb3302_final_proj_code/robot_ws/install/serial/include/serial/impl/win.h
[0.579s] -- Up-to-date symlink: /home/ubuntu/rb3302_final_proj_code/robot_ws/install/serial/include/serial/serial.h
[0.582s] -- Up-to-date symlink: /home/ubuntu/rb3302_final_proj_code/robot_ws/install/serial/include/serial/v8stdint.h
[0.583s] -- Up-to-date symlink: /home/ubuntu/rb3302_final_proj_code/robot_ws/install/serial/share/ament_index/resource_index/package_run_dependencies/serial
[0.583s] -- Up-to-date symlink: /home/ubuntu/rb3302_final_proj_code/robot_ws/install/serial/share/ament_index/resource_index/parent_prefix_path/serial
[0.584s] -- Up-to-date symlink: /home/ubuntu/rb3302_final_proj_code/robot_ws/install/serial/share/serial/environment/ament_prefix_path.sh
[0.585s] -- Up-to-date symlink: /home/ubuntu/rb3302_final_proj_code/robot_ws/install/serial/share/serial/environment/ament_prefix_path.dsv
[0.586s] -- Up-to-date symlink: /home/ubuntu/rb3302_final_proj_code/robot_ws/install/serial/share/serial/environment/path.sh
[0.588s] -- Up-to-date symlink: /home/ubuntu/rb3302_final_proj_code/robot_ws/install/serial/share/serial/environment/path.dsv
[0.589s] -- Up-to-date symlink: /home/ubuntu/rb3302_final_proj_code/robot_ws/install/serial/share/serial/local_setup.bash
[0.589s] -- Up-to-date symlink: /home/ubuntu/rb3302_final_proj_code/robot_ws/install/serial/share/serial/local_setup.sh
[0.590s] -- Up-to-date symlink: /home/ubuntu/rb3302_final_proj_code/robot_ws/install/serial/share/serial/local_setup.zsh
[0.590s] -- Up-to-date symlink: /home/ubuntu/rb3302_final_proj_code/robot_ws/install/serial/share/serial/local_setup.dsv
[0.590s] -- Symlinking: /home/ubuntu/rb3302_final_proj_code/robot_ws/install/serial/share/serial/package.dsv
[0.620s] -- Up-to-date symlink: /home/ubuntu/rb3302_final_proj_code/robot_ws/install/serial/share/ament_index/resource_index/packages/serial
[0.621s] -- Up-to-date symlink: /home/ubuntu/rb3302_final_proj_code/robot_ws/install/serial/share/serial/cmake/ament_cmake_export_include_directories-extras.cmake
[0.622s] -- Up-to-date symlink: /home/ubuntu/rb3302_final_proj_code/robot_ws/install/serial/share/serial/cmake/ament_cmake_export_libraries-extras.cmake
[0.624s] -- Up-to-date symlink: /home/ubuntu/rb3302_final_proj_code/robot_ws/install/serial/share/serial/cmake/ament_cmake_export_dependencies-extras.cmake
[0.625s] -- Up-to-date symlink: /home/ubuntu/rb3302_final_proj_code/robot_ws/install/serial/share/serial/cmake/serialConfig.cmake
[0.625s] -- Up-to-date symlink: /home/ubuntu/rb3302_final_proj_code/robot_ws/install/serial/share/serial/cmake/serialConfig-version.cmake
[0.626s] -- Up-to-date symlink: /home/ubuntu/rb3302_final_proj_code/robot_ws/install/serial/share/serial/package.xml
[0.691s] Invoked command in '/home/ubuntu/rb3302_final_proj_code/robot_ws/build/serial' returned '0': CMAKE_PREFIX_PATH=${CMAKE_PREFIX_PATH}:/opt/ros/jazzy /usr/bin/cmake --install /home/ubuntu/rb3302_final_proj_code/robot_ws/build/serial
