[INFO] [1780679062.301443613] [bt_navigator]: 
	bt_navigator lifecycle node launched. 
	Waiting on external lifecycle transitions to activate
	See https://design.ros2.org/articles/node_lifecycle.html for more information.
[INFO] [1780679062.306573717] [bt_navigator]: Creating
[INFO] [1780679063.363752258] [bt_navigator]: Configuring
[INFO] [1780679063.389643508] [bt_navigator]: Creating navigator id navigate_to_pose of type nav2_bt_navigator::NavigateToPoseNavigator
[WARN] [1780679063.396289810] [bt_navigator]: Error_code parameters were not set. Using default values of: follow_path_error_code compute_path_error_code
Make sure these match your BT and there are not other sources of error codes youreported to your application
[INFO] [1780679063.523622050] [bt_navigator]: Creating navigator id navigate_through_poses of type nav2_bt_navigator::NavigateThroughPosesNavigator
[INFO] [1780679079.589108502] [bt_navigator]: Activating
[INFO] [1780679079.777696575] [bt_navigator]: Creating bond (bt_navigator) to lifecycle manager.
[INFO] [1780679084.502644229] [bt_navigator]: Begin navigating from current location (2.88, 0.14) to (2.99, -0.84)
[INFO] [1780679089.333950061] [bt_navigator]: Received goal preemption request
[INFO] [1780679089.334861467] [bt_navigator]: Begin navigating from current location (2.88, 0.13) to (2.93, -0.95)
[INFO] [1780679095.067907975] [rclcpp]: signal_handler(SIGINT/SIGTERM)
[INFO] [1780679095.068213548] [bt_navigator]: Running Nav2 LifecycleNode rcl preshutdown (bt_navigator)
[INFO] [1780679095.068453861] [bt_navigator]: Deactivating
[WARN] [1780679095.068524121] [bt_navigator]: [navigate_to_pose] [ActionServer] Requested to deactivate server but goal is still executing. Should check if action server is running before deactivating.
[WARN] [1780679095.081869277] [bt_navigator]: [navigate_to_pose] [ActionServer] Aborting handle.
[INFO] [1780679095.082340632] [bt_navigator]: Goal canceled
[WARN] [1780679095.082522402] [bt_navigator]: [navigate_to_pose] [ActionServer] Stopping the thread per request.
[INFO] [1780679095.092808861] [bt_navigator]: Destroying bond (bt_navigator) to lifecycle manager.
[INFO] [1780679095.130527611] [bt_navigator]: Cleaning up
[INFO] [1780679095.543622506] [bt_navigator]: Completed Cleaning up
[INFO] [1780679095.543716517] [bt_navigator]: Destroying bond (bt_navigator) to lifecycle manager.
