[0.384s] Invoking command in '/home/ubuntu/rb3302_final_proj_code/student_ws/build/planning_astar': CMAKE_PREFIX_PATH=${CMAKE_PREFIX_PATH}:/opt/ros/jazzy /usr/bin/cmake --build /home/ubuntu/rb3302_final_proj_code/student_ws/build/planning_astar -- -j8 -l8
[0.485s] gmake: Warning: File 'Makefile' has modification time 7509262 s in the future
[0.523s] gmake[1]: Warning: File 'CMakeFiles/Makefile2' has modification time 7509262 s in the future
[0.524s] gmake[1]: warning:  Clock skew detected.  Your build may be incomplete.
[0.537s] gmake: warning:  Clock skew detected.  Your build may be incomplete.
[0.545s] Invoked command in '/home/ubuntu/rb3302_final_proj_code/student_ws/build/planning_astar' returned '0': CMAKE_PREFIX_PATH=${CMAKE_PREFIX_PATH}:/opt/ros/jazzy /usr/bin/cmake --build /home/ubuntu/rb3302_final_proj_code/student_ws/build/planning_astar -- -j8 -l8
[0.563s] Invoking command in '/home/ubuntu/rb3302_final_proj_code/student_ws/build/planning_astar': CMAKE_PREFIX_PATH=${CMAKE_PREFIX_PATH}:/opt/ros/jazzy /usr/bin/cmake --install /home/ubuntu/rb3302_final_proj_code/student_ws/build/planning_astar
[0.598s] -- Install configuration: ""
[0.599s] -- Execute custom install script
[0.599s] -- Up-to-date symlink: /home/ubuntu/rb3302_final_proj_code/student_ws/install/planning_astar/share/planning_astar/launch/__pycache__/planning.launch.cpython-312.pyc
[0.600s] -- Up-to-date symlink: /home/ubuntu/rb3302_final_proj_code/student_ws/install/planning_astar/share/planning_astar/launch/planning.launch.py
[0.601s] -- Up-to-date symlink: /home/ubuntu/rb3302_final_proj_code/student_ws/install/planning_astar/share/planning_astar/config/nav2_params.yaml
[0.601s] -- Up-to-date symlink: /home/ubuntu/rb3302_final_proj_code/student_ws/install/planning_astar/share/planning_astar/rviz/navigation.rviz
[0.602s] -- Up-to-date symlink: /home/ubuntu/rb3302_final_proj_code/student_ws/install/planning_astar/share/ament_index/resource_index/package_run_dependencies/planning_astar
[0.602s] -- Up-to-date symlink: /home/ubuntu/rb3302_final_proj_code/student_ws/install/planning_astar/share/ament_index/resource_index/parent_prefix_path/planning_astar
[0.603s] -- Up-to-date symlink: /home/ubuntu/rb3302_final_proj_code/student_ws/install/planning_astar/share/planning_astar/environment/ament_prefix_path.sh
[0.603s] -- Up-to-date symlink: /home/ubuntu/rb3302_final_proj_code/student_ws/install/planning_astar/share/planning_astar/environment/ament_prefix_path.dsv
[0.604s] -- Up-to-date symlink: /home/ubuntu/rb3302_final_proj_code/student_ws/install/planning_astar/share/planning_astar/environment/path.sh
[0.604s] -- Up-to-date symlink: /home/ubuntu/rb3302_final_proj_code/student_ws/install/planning_astar/share/planning_astar/environment/path.dsv
[0.604s] -- Up-to-date symlink: /home/ubuntu/rb3302_final_proj_code/student_ws/install/planning_astar/share/planning_astar/local_setup.bash
[0.605s] -- Up-to-date symlink: /home/ubuntu/rb3302_final_proj_code/student_ws/install/planning_astar/share/planning_astar/local_setup.sh
[0.605s] -- Up-to-date symlink: /home/ubuntu/rb3302_final_proj_code/student_ws/install/planning_astar/share/planning_astar/local_setup.zsh
[0.606s] -- Up-to-date symlink: /home/ubuntu/rb3302_final_proj_code/student_ws/install/planning_astar/share/planning_astar/local_setup.dsv
[0.606s] -- Symlinking: /home/ubuntu/rb3302_final_proj_code/student_ws/install/planning_astar/share/planning_astar/package.dsv
[0.619s] -- Up-to-date symlink: /home/ubuntu/rb3302_final_proj_code/student_ws/install/planning_astar/share/ament_index/resource_index/packages/planning_astar
[0.623s] -- Up-to-date symlink: /home/ubuntu/rb3302_final_proj_code/student_ws/install/planning_astar/share/planning_astar/cmake/planning_astarConfig.cmake
[0.624s] -- Up-to-date symlink: /home/ubuntu/rb3302_final_proj_code/student_ws/install/planning_astar/share/planning_astar/cmake/planning_astarConfig-version.cmake
[0.625s] -- Up-to-date symlink: /home/ubuntu/rb3302_final_proj_code/student_ws/install/planning_astar/share/planning_astar/package.xml
[0.632s] Invoked command in '/home/ubuntu/rb3302_final_proj_code/student_ws/build/planning_astar' returned '0': CMAKE_PREFIX_PATH=${CMAKE_PREFIX_PATH}:/opt/ros/jazzy /usr/bin/cmake --install /home/ubuntu/rb3302_final_proj_code/student_ws/build/planning_astar
