[0.385s] Invoking command in '/home/ubuntu/rb3302_final_proj_code/student_ws/build/planning_astar': CMAKE_PREFIX_PATH=${CMAKE_PREFIX_PATH}:/home/ubuntu/rb3302_final_proj_code/robot_ws/install/waverover_base:/opt/ros/jazzy /usr/bin/cmake /home/ubuntu/rb3302_final_proj_code/student_ws/src/planning_astar -DAMENT_CMAKE_SYMLINK_INSTALL=1 -DCMAKE_INSTALL_PREFIX=/home/ubuntu/rb3302_final_proj_code/student_ws/install/planning_astar
[0.525s] -- The C compiler identification is GNU 13.3.0
[0.653s] -- The CXX compiler identification is GNU 13.3.0
[0.687s] -- Detecting C compiler ABI info
[0.905s] -- Detecting C compiler ABI info - done
[0.955s] -- Check for working C compiler: /usr/bin/cc - skipped
[0.956s] -- Detecting C compile features
[0.957s] -- Detecting C compile features - done
[0.982s] -- Detecting CXX compiler ABI info
[1.231s] -- Detecting CXX compiler ABI info - done
[1.276s] -- Check for working CXX compiler: /usr/bin/c++ - skipped
[1.277s] -- Detecting CXX compile features
[1.278s] -- Detecting CXX compile features - done
[1.284s] -- Found ament_cmake: 2.5.6 (/opt/ros/jazzy/share/ament_cmake/cmake)
[1.607s] -- Found Python3: /usr/bin/python3 (found version "3.12.3") found components: Interpreter 
[1.754s] -- Override CMake install command with custom implementation using symlinks instead of copying resources
[2.078s] -- Configuring done (1.7s)
[2.083s] -- Generating done (0.0s)
[2.087s] -- Build files have been written to: /home/ubuntu/rb3302_final_proj_code/student_ws/build/planning_astar
[2.096s] Invoked command in '/home/ubuntu/rb3302_final_proj_code/student_ws/build/planning_astar' returned '0': CMAKE_PREFIX_PATH=${CMAKE_PREFIX_PATH}:/home/ubuntu/rb3302_final_proj_code/robot_ws/install/waverover_base:/opt/ros/jazzy /usr/bin/cmake /home/ubuntu/rb3302_final_proj_code/student_ws/src/planning_astar -DAMENT_CMAKE_SYMLINK_INSTALL=1 -DCMAKE_INSTALL_PREFIX=/home/ubuntu/rb3302_final_proj_code/student_ws/install/planning_astar
[2.110s] Invoking command in '/home/ubuntu/rb3302_final_proj_code/student_ws/build/planning_astar': CMAKE_PREFIX_PATH=${CMAKE_PREFIX_PATH}:/home/ubuntu/rb3302_final_proj_code/robot_ws/install/waverover_base:/opt/ros/jazzy /usr/bin/cmake --build /home/ubuntu/rb3302_final_proj_code/student_ws/build/planning_astar -- -j8 -l8
[2.223s] Invoked command in '/home/ubuntu/rb3302_final_proj_code/student_ws/build/planning_astar' returned '0': CMAKE_PREFIX_PATH=${CMAKE_PREFIX_PATH}:/home/ubuntu/rb3302_final_proj_code/robot_ws/install/waverover_base:/opt/ros/jazzy /usr/bin/cmake --build /home/ubuntu/rb3302_final_proj_code/student_ws/build/planning_astar -- -j8 -l8
[2.243s] Invoking command in '/home/ubuntu/rb3302_final_proj_code/student_ws/build/planning_astar': CMAKE_PREFIX_PATH=${CMAKE_PREFIX_PATH}:/home/ubuntu/rb3302_final_proj_code/robot_ws/install/waverover_base:/opt/ros/jazzy /usr/bin/cmake --install /home/ubuntu/rb3302_final_proj_code/student_ws/build/planning_astar
[2.257s] -- Install configuration: ""
[2.258s] -- Execute custom install script
[2.258s] -- Symlinking: /home/ubuntu/rb3302_final_proj_code/student_ws/install/planning_astar/share/planning_astar/launch/__pycache__/planning.launch.cpython-312.pyc
[2.290s] -- Symlinking: /home/ubuntu/rb3302_final_proj_code/student_ws/install/planning_astar/share/planning_astar/launch/planning.launch.py
[2.305s] -- Symlinking: /home/ubuntu/rb3302_final_proj_code/student_ws/install/planning_astar/share/planning_astar/config/nav2_params.yaml
[2.337s] -- Symlinking: /home/ubuntu/rb3302_final_proj_code/student_ws/install/planning_astar/share/planning_astar/rviz/navigation.rviz
[2.368s] -- Symlinking: /home/ubuntu/rb3302_final_proj_code/student_ws/install/planning_astar/share/ament_index/resource_index/package_run_dependencies/planning_astar
[2.403s] -- Symlinking: /home/ubuntu/rb3302_final_proj_code/student_ws/install/planning_astar/share/ament_index/resource_index/parent_prefix_path/planning_astar
[2.441s] -- Symlinking: /home/ubuntu/rb3302_final_proj_code/student_ws/install/planning_astar/share/planning_astar/environment/ament_prefix_path.sh
[2.455s] -- Symlinking: /home/ubuntu/rb3302_final_proj_code/student_ws/install/planning_astar/share/planning_astar/environment/ament_prefix_path.dsv
[2.469s] -- Symlinking: /home/ubuntu/rb3302_final_proj_code/student_ws/install/planning_astar/share/planning_astar/environment/path.sh
[2.485s] -- Symlinking: /home/ubuntu/rb3302_final_proj_code/student_ws/install/planning_astar/share/planning_astar/environment/path.dsv
[2.499s] -- Symlinking: /home/ubuntu/rb3302_final_proj_code/student_ws/install/planning_astar/share/planning_astar/local_setup.bash
[2.528s] -- Symlinking: /home/ubuntu/rb3302_final_proj_code/student_ws/install/planning_astar/share/planning_astar/local_setup.sh
[2.559s] -- Symlinking: /home/ubuntu/rb3302_final_proj_code/student_ws/install/planning_astar/share/planning_astar/local_setup.zsh
[2.574s] -- Symlinking: /home/ubuntu/rb3302_final_proj_code/student_ws/install/planning_astar/share/planning_astar/local_setup.dsv
[2.589s] -- Symlinking: /home/ubuntu/rb3302_final_proj_code/student_ws/install/planning_astar/share/planning_astar/package.dsv
[2.624s] -- Symlinking: /home/ubuntu/rb3302_final_proj_code/student_ws/install/planning_astar/share/ament_index/resource_index/packages/planning_astar
[2.653s] -- Symlinking: /home/ubuntu/rb3302_final_proj_code/student_ws/install/planning_astar/share/planning_astar/cmake/planning_astarConfig.cmake
[2.688s] -- Symlinking: /home/ubuntu/rb3302_final_proj_code/student_ws/install/planning_astar/share/planning_astar/cmake/planning_astarConfig-version.cmake
[2.702s] -- Symlinking: /home/ubuntu/rb3302_final_proj_code/student_ws/install/planning_astar/share/planning_astar/package.xml
[2.723s] Invoked command in '/home/ubuntu/rb3302_final_proj_code/student_ws/build/planning_astar' returned '0': CMAKE_PREFIX_PATH=${CMAKE_PREFIX_PATH}:/home/ubuntu/rb3302_final_proj_code/robot_ws/install/waverover_base:/opt/ros/jazzy /usr/bin/cmake --install /home/ubuntu/rb3302_final_proj_code/student_ws/build/planning_astar
