[0.160s] DEBUG:colcon:Command line arguments: ['/usr/bin/colcon', 'build', '--symlink-install']
[0.160s] DEBUG:colcon:Parsed command line arguments: Namespace(log_base=None, log_level=None, verb_name='build', build_base='build', install_base='install', merge_install=False, symlink_install=True, test_result_base=None, continue_on_error=False, executor='parallel', parallel_workers=8, event_handlers=None, ignore_user_meta=False, metas=['./colcon.meta'], base_paths=['.'], packages_ignore=None, packages_ignore_regex=None, paths=None, packages_up_to=None, packages_up_to_regex=None, packages_above=None, packages_above_and_dependencies=None, packages_above_depth=None, packages_select_by_dep=None, packages_skip_by_dep=None, packages_skip_up_to=None, packages_select_build_failed=False, packages_skip_build_finished=False, packages_select_test_failures=False, packages_skip_test_passed=False, packages_select=None, packages_skip=None, packages_select_regex=None, packages_skip_regex=None, packages_start=None, packages_end=None, allow_overriding=[], cmake_args=None, cmake_target=None, cmake_target_skip_unavailable=False, cmake_clean_cache=False, cmake_clean_first=False, cmake_force_configure=False, ament_cmake_args=None, catkin_cmake_args=None, catkin_skip_building_tests=False, mixin_files=None, mixin=None, verb_parser=<colcon_mixin.mixin.mixin_argument.MixinArgumentDecorator object at 0xffff83b753d0>, verb_extension=<colcon_core.verb.build.BuildVerb object at 0xffff83d2bcb0>, main=<bound method BuildVerb.main of <colcon_core.verb.build.BuildVerb object at 0xffff83d2bcb0>>, mixin_verb=('build',))
[0.216s] Level 1:colcon.colcon_core.package_discovery:discover_packages(colcon_meta) check parameters
[0.216s] Level 1:colcon.colcon_core.package_discovery:discover_packages(recursive) check parameters
[0.217s] Level 1:colcon.colcon_core.package_discovery:discover_packages(ignore) check parameters
[0.217s] Level 1:colcon.colcon_core.package_discovery:discover_packages(path) check parameters
[0.217s] Level 1:colcon.colcon_core.package_discovery:discover_packages(colcon_meta) discover
[0.217s] Level 1:colcon.colcon_core.package_discovery:discover_packages(recursive) discover
[0.217s] INFO:colcon.colcon_core.package_discovery:Crawling recursively for packages in '/home/ubuntu/rb3302_final_proj_code/student_ws'
[0.217s] Level 1:colcon.colcon_core.package_identification:_identify(.) by extensions ['ignore', 'ignore_ament_install']
[0.217s] Level 1:colcon.colcon_core.package_identification:_identify(.) by extension 'ignore'
[0.217s] Level 1:colcon.colcon_core.package_identification:_identify(.) by extension 'ignore_ament_install'
[0.217s] Level 1:colcon.colcon_core.package_identification:_identify(.) by extensions ['colcon_pkg']
[0.217s] Level 1:colcon.colcon_core.package_identification:_identify(.) by extension 'colcon_pkg'
[0.217s] Level 1:colcon.colcon_core.package_identification:_identify(.) by extensions ['colcon_meta']
[0.217s] Level 1:colcon.colcon_core.package_identification:_identify(.) by extension 'colcon_meta'
[0.217s] Level 1:colcon.colcon_core.package_identification:_identify(.) by extensions ['ros']
[0.217s] Level 1:colcon.colcon_core.package_identification:_identify(.) by extension 'ros'
[0.253s] Level 1:colcon.colcon_core.package_identification:_identify(.) by extensions ['cmake', 'python']
[0.254s] Level 1:colcon.colcon_core.package_identification:_identify(.) by extension 'cmake'
[0.254s] Level 1:colcon.colcon_core.package_identification:_identify(.) by extension 'python'
[0.254s] Level 1:colcon.colcon_core.package_identification:_identify(.) by extensions ['python_setup_py']
[0.254s] Level 1:colcon.colcon_core.package_identification:_identify(.) by extension 'python_setup_py'
[0.254s] Level 1:colcon.colcon_core.package_identification:_identify(build) by extensions ['ignore', 'ignore_ament_install']
[0.254s] Level 1:colcon.colcon_core.package_identification:_identify(build) by extension 'ignore'
[0.254s] Level 1:colcon.colcon_core.package_identification:_identify(build) ignored
[0.255s] Level 1:colcon.colcon_core.package_identification:_identify(images) by extensions ['ignore', 'ignore_ament_install']
[0.255s] Level 1:colcon.colcon_core.package_identification:_identify(images) by extension 'ignore'
[0.256s] Level 1:colcon.colcon_core.package_identification:_identify(images) by extension 'ignore_ament_install'
[0.256s] Level 1:colcon.colcon_core.package_identification:_identify(images) by extensions ['colcon_pkg']
[0.256s] Level 1:colcon.colcon_core.package_identification:_identify(images) by extension 'colcon_pkg'
[0.256s] Level 1:colcon.colcon_core.package_identification:_identify(images) by extensions ['colcon_meta']
[0.256s] Level 1:colcon.colcon_core.package_identification:_identify(images) by extension 'colcon_meta'
[0.256s] Level 1:colcon.colcon_core.package_identification:_identify(images) by extensions ['ros']
[0.256s] Level 1:colcon.colcon_core.package_identification:_identify(images) by extension 'ros'
[0.256s] Level 1:colcon.colcon_core.package_identification:_identify(images) by extensions ['cmake', 'python']
[0.256s] Level 1:colcon.colcon_core.package_identification:_identify(images) by extension 'cmake'
[0.256s] Level 1:colcon.colcon_core.package_identification:_identify(images) by extension 'python'
[0.256s] Level 1:colcon.colcon_core.package_identification:_identify(images) by extensions ['python_setup_py']
[0.256s] Level 1:colcon.colcon_core.package_identification:_identify(images) by extension 'python_setup_py'
[0.256s] Level 1:colcon.colcon_core.package_identification:_identify(install) by extensions ['ignore', 'ignore_ament_install']
[0.257s] Level 1:colcon.colcon_core.package_identification:_identify(install) by extension 'ignore'
[0.257s] Level 1:colcon.colcon_core.package_identification:_identify(install) ignored
[0.257s] Level 1:colcon.colcon_core.package_identification:_identify(log) by extensions ['ignore', 'ignore_ament_install']
[0.257s] Level 1:colcon.colcon_core.package_identification:_identify(log) by extension 'ignore'
[0.257s] Level 1:colcon.colcon_core.package_identification:_identify(log) ignored
[0.258s] Level 1:colcon.colcon_core.package_identification:_identify(maps) by extensions ['ignore', 'ignore_ament_install']
[0.258s] Level 1:colcon.colcon_core.package_identification:_identify(maps) by extension 'ignore'
[0.258s] Level 1:colcon.colcon_core.package_identification:_identify(maps) by extension 'ignore_ament_install'
[0.258s] Level 1:colcon.colcon_core.package_identification:_identify(maps) by extensions ['colcon_pkg']
[0.258s] Level 1:colcon.colcon_core.package_identification:_identify(maps) by extension 'colcon_pkg'
[0.258s] Level 1:colcon.colcon_core.package_identification:_identify(maps) by extensions ['colcon_meta']
[0.258s] Level 1:colcon.colcon_core.package_identification:_identify(maps) by extension 'colcon_meta'
[0.258s] Level 1:colcon.colcon_core.package_identification:_identify(maps) by extensions ['ros']
[0.258s] Level 1:colcon.colcon_core.package_identification:_identify(maps) by extension 'ros'
[0.259s] Level 1:colcon.colcon_core.package_identification:_identify(maps) by extensions ['cmake', 'python']
[0.259s] Level 1:colcon.colcon_core.package_identification:_identify(maps) by extension 'cmake'
[0.259s] Level 1:colcon.colcon_core.package_identification:_identify(maps) by extension 'python'
[0.259s] Level 1:colcon.colcon_core.package_identification:_identify(maps) by extensions ['python_setup_py']
[0.259s] Level 1:colcon.colcon_core.package_identification:_identify(maps) by extension 'python_setup_py'
[0.260s] Level 1:colcon.colcon_core.package_identification:_identify(src) by extensions ['ignore', 'ignore_ament_install']
[0.260s] Level 1:colcon.colcon_core.package_identification:_identify(src) by extension 'ignore'
[0.260s] Level 1:colcon.colcon_core.package_identification:_identify(src) by extension 'ignore_ament_install'
[0.260s] Level 1:colcon.colcon_core.package_identification:_identify(src) by extensions ['colcon_pkg']
[0.260s] Level 1:colcon.colcon_core.package_identification:_identify(src) by extension 'colcon_pkg'
[0.260s] Level 1:colcon.colcon_core.package_identification:_identify(src) by extensions ['colcon_meta']
[0.260s] Level 1:colcon.colcon_core.package_identification:_identify(src) by extension 'colcon_meta'
[0.260s] Level 1:colcon.colcon_core.package_identification:_identify(src) by extensions ['ros']
[0.260s] Level 1:colcon.colcon_core.package_identification:_identify(src) by extension 'ros'
[0.261s] Level 1:colcon.colcon_core.package_identification:_identify(src) by extensions ['cmake', 'python']
[0.261s] Level 1:colcon.colcon_core.package_identification:_identify(src) by extension 'cmake'
[0.261s] Level 1:colcon.colcon_core.package_identification:_identify(src) by extension 'python'
[0.261s] Level 1:colcon.colcon_core.package_identification:_identify(src) by extensions ['python_setup_py']
[0.261s] Level 1:colcon.colcon_core.package_identification:_identify(src) by extension 'python_setup_py'
[0.262s] Level 1:colcon.colcon_core.package_identification:_identify(src/mapping_cartographer) by extensions ['ignore', 'ignore_ament_install']
[0.262s] Level 1:colcon.colcon_core.package_identification:_identify(src/mapping_cartographer) by extension 'ignore'
[0.262s] Level 1:colcon.colcon_core.package_identification:_identify(src/mapping_cartographer) by extension 'ignore_ament_install'
[0.262s] Level 1:colcon.colcon_core.package_identification:_identify(src/mapping_cartographer) by extensions ['colcon_pkg']
[0.262s] Level 1:colcon.colcon_core.package_identification:_identify(src/mapping_cartographer) by extension 'colcon_pkg'
[0.262s] Level 1:colcon.colcon_core.package_identification:_identify(src/mapping_cartographer) by extensions ['colcon_meta']
[0.262s] Level 1:colcon.colcon_core.package_identification:_identify(src/mapping_cartographer) by extension 'colcon_meta'
[0.262s] Level 1:colcon.colcon_core.package_identification:_identify(src/mapping_cartographer) by extensions ['ros']
[0.262s] Level 1:colcon.colcon_core.package_identification:_identify(src/mapping_cartographer) by extension 'ros'
[0.267s] DEBUG:colcon.colcon_core.package_identification:Package 'src/mapping_cartographer' with type 'ros.ament_python' and name 'mapping_cartographer'
[0.268s] Level 1:colcon.colcon_core.package_identification:_identify(src/planning_astar) by extensions ['ignore', 'ignore_ament_install']
[0.268s] Level 1:colcon.colcon_core.package_identification:_identify(src/planning_astar) by extension 'ignore'
[0.268s] Level 1:colcon.colcon_core.package_identification:_identify(src/planning_astar) by extension 'ignore_ament_install'
[0.268s] Level 1:colcon.colcon_core.package_identification:_identify(src/planning_astar) by extensions ['colcon_pkg']
[0.268s] Level 1:colcon.colcon_core.package_identification:_identify(src/planning_astar) by extension 'colcon_pkg'
[0.268s] Level 1:colcon.colcon_core.package_identification:_identify(src/planning_astar) by extensions ['colcon_meta']
[0.268s] Level 1:colcon.colcon_core.package_identification:_identify(src/planning_astar) by extension 'colcon_meta'
[0.268s] Level 1:colcon.colcon_core.package_identification:_identify(src/planning_astar) by extensions ['ros']
[0.268s] Level 1:colcon.colcon_core.package_identification:_identify(src/planning_astar) by extension 'ros'
[0.270s] DEBUG:colcon.colcon_core.package_identification:Package 'src/planning_astar' with type 'ros.ament_cmake' and name 'planning_astar'
[0.271s] Level 1:colcon.colcon_core.package_identification:_identify(src/planning_rpp) by extensions ['ignore', 'ignore_ament_install']
[0.271s] Level 1:colcon.colcon_core.package_identification:_identify(src/planning_rpp) by extension 'ignore'
[0.272s] Level 1:colcon.colcon_core.package_identification:_identify(src/planning_rpp) by extension 'ignore_ament_install'
[0.272s] Level 1:colcon.colcon_core.package_identification:_identify(src/planning_rpp) by extensions ['colcon_pkg']
[0.272s] Level 1:colcon.colcon_core.package_identification:_identify(src/planning_rpp) by extension 'colcon_pkg'
[0.272s] Level 1:colcon.colcon_core.package_identification:_identify(src/planning_rpp) by extensions ['colcon_meta']
[0.272s] Level 1:colcon.colcon_core.package_identification:_identify(src/planning_rpp) by extension 'colcon_meta'
[0.272s] Level 1:colcon.colcon_core.package_identification:_identify(src/planning_rpp) by extensions ['ros']
[0.272s] Level 1:colcon.colcon_core.package_identification:_identify(src/planning_rpp) by extension 'ros'
[0.273s] DEBUG:colcon.colcon_core.package_identification:Package 'src/planning_rpp' with type 'ros.ament_cmake' and name 'planning_rpp'
[0.273s] Level 1:colcon.colcon_core.package_discovery:discover_packages(recursive) using defaults
[0.273s] Level 1:colcon.colcon_core.package_discovery:discover_packages(ignore) discover
[0.273s] Level 1:colcon.colcon_core.package_discovery:discover_packages(ignore) using defaults
[0.273s] Level 1:colcon.colcon_core.package_discovery:discover_packages(path) discover
[0.273s] Level 1:colcon.colcon_core.package_discovery:discover_packages(path) using defaults
[0.299s] Level 1:colcon.colcon_core.package_discovery:discover_packages(prefix_path) check parameters
[0.299s] Level 1:colcon.colcon_core.package_discovery:discover_packages(prefix_path) discover
[0.303s] DEBUG:colcon.colcon_installed_package_information.package_discovery:Found 386 installed packages in /opt/ros/jazzy
[0.305s] Level 1:colcon.colcon_core.package_discovery:discover_packages(prefix_path) using defaults
[0.379s] Level 5:colcon.colcon_core.verb:set package 'mapping_cartographer' build argument 'cmake_args' from command line to 'None'
[0.379s] Level 5:colcon.colcon_core.verb:set package 'mapping_cartographer' build argument 'cmake_target' from command line to 'None'
[0.379s] Level 5:colcon.colcon_core.verb:set package 'mapping_cartographer' build argument 'cmake_target_skip_unavailable' from command line to 'False'
[0.379s] Level 5:colcon.colcon_core.verb:set package 'mapping_cartographer' build argument 'cmake_clean_cache' from command line to 'False'
[0.379s] Level 5:colcon.colcon_core.verb:set package 'mapping_cartographer' build argument 'cmake_clean_first' from command line to 'False'
[0.379s] Level 5:colcon.colcon_core.verb:set package 'mapping_cartographer' build argument 'cmake_force_configure' from command line to 'False'
[0.379s] Level 5:colcon.colcon_core.verb:set package 'mapping_cartographer' build argument 'ament_cmake_args' from command line to 'None'
[0.379s] Level 5:colcon.colcon_core.verb:set package 'mapping_cartographer' build argument 'catkin_cmake_args' from command line to 'None'
[0.379s] Level 5:colcon.colcon_core.verb:set package 'mapping_cartographer' build argument 'catkin_skip_building_tests' from command line to 'False'
[0.379s] DEBUG:colcon.colcon_core.verb:Building package 'mapping_cartographer' with the following arguments: {'ament_cmake_args': None, 'build_base': '/home/ubuntu/rb3302_final_proj_code/student_ws/build/mapping_cartographer', 'catkin_cmake_args': None, 'catkin_skip_building_tests': False, 'cmake_args': None, 'cmake_clean_cache': False, 'cmake_clean_first': False, 'cmake_force_configure': False, 'cmake_target': None, 'cmake_target_skip_unavailable': False, 'install_base': '/home/ubuntu/rb3302_final_proj_code/student_ws/install/mapping_cartographer', 'merge_install': False, 'path': '/home/ubuntu/rb3302_final_proj_code/student_ws/src/mapping_cartographer', 'symlink_install': True, 'test_result_base': None}
[0.379s] Level 5:colcon.colcon_core.verb:set package 'planning_astar' build argument 'cmake_args' from command line to 'None'
[0.380s] Level 5:colcon.colcon_core.verb:set package 'planning_astar' build argument 'cmake_target' from command line to 'None'
[0.380s] Level 5:colcon.colcon_core.verb:set package 'planning_astar' build argument 'cmake_target_skip_unavailable' from command line to 'False'
[0.380s] Level 5:colcon.colcon_core.verb:set package 'planning_astar' build argument 'cmake_clean_cache' from command line to 'False'
[0.380s] Level 5:colcon.colcon_core.verb:set package 'planning_astar' build argument 'cmake_clean_first' from command line to 'False'
[0.380s] Level 5:colcon.colcon_core.verb:set package 'planning_astar' build argument 'cmake_force_configure' from command line to 'False'
[0.380s] Level 5:colcon.colcon_core.verb:set package 'planning_astar' build argument 'ament_cmake_args' from command line to 'None'
[0.380s] Level 5:colcon.colcon_core.verb:set package 'planning_astar' build argument 'catkin_cmake_args' from command line to 'None'
[0.380s] Level 5:colcon.colcon_core.verb:set package 'planning_astar' build argument 'catkin_skip_building_tests' from command line to 'False'
[0.380s] DEBUG:colcon.colcon_core.verb:Building package 'planning_astar' with the following arguments: {'ament_cmake_args': None, 'build_base': '/home/ubuntu/rb3302_final_proj_code/student_ws/build/planning_astar', 'catkin_cmake_args': None, 'catkin_skip_building_tests': False, 'cmake_args': None, 'cmake_clean_cache': False, 'cmake_clean_first': False, 'cmake_force_configure': False, 'cmake_target': None, 'cmake_target_skip_unavailable': False, 'install_base': '/home/ubuntu/rb3302_final_proj_code/student_ws/install/planning_astar', 'merge_install': False, 'path': '/home/ubuntu/rb3302_final_proj_code/student_ws/src/planning_astar', 'symlink_install': True, 'test_result_base': None}
[0.380s] Level 5:colcon.colcon_core.verb:set package 'planning_rpp' build argument 'cmake_args' from command line to 'None'
[0.380s] Level 5:colcon.colcon_core.verb:set package 'planning_rpp' build argument 'cmake_target' from command line to 'None'
[0.380s] Level 5:colcon.colcon_core.verb:set package 'planning_rpp' build argument 'cmake_target_skip_unavailable' from command line to 'False'
[0.380s] Level 5:colcon.colcon_core.verb:set package 'planning_rpp' build argument 'cmake_clean_cache' from command line to 'False'
[0.380s] Level 5:colcon.colcon_core.verb:set package 'planning_rpp' build argument 'cmake_clean_first' from command line to 'False'
[0.380s] Level 5:colcon.colcon_core.verb:set package 'planning_rpp' build argument 'cmake_force_configure' from command line to 'False'
[0.380s] Level 5:colcon.colcon_core.verb:set package 'planning_rpp' build argument 'ament_cmake_args' from command line to 'None'
[0.380s] Level 5:colcon.colcon_core.verb:set package 'planning_rpp' build argument 'catkin_cmake_args' from command line to 'None'
[0.380s] Level 5:colcon.colcon_core.verb:set package 'planning_rpp' build argument 'catkin_skip_building_tests' from command line to 'False'
[0.380s] DEBUG:colcon.colcon_core.verb:Building package 'planning_rpp' with the following arguments: {'ament_cmake_args': None, 'build_base': '/home/ubuntu/rb3302_final_proj_code/student_ws/build/planning_rpp', 'catkin_cmake_args': None, 'catkin_skip_building_tests': False, 'cmake_args': None, 'cmake_clean_cache': False, 'cmake_clean_first': False, 'cmake_force_configure': False, 'cmake_target': None, 'cmake_target_skip_unavailable': False, 'install_base': '/home/ubuntu/rb3302_final_proj_code/student_ws/install/planning_rpp', 'merge_install': False, 'path': '/home/ubuntu/rb3302_final_proj_code/student_ws/src/planning_rpp', 'symlink_install': True, 'test_result_base': None}
[0.381s] INFO:colcon.colcon_core.executor:Executing jobs using 'parallel' executor
[0.382s] DEBUG:colcon.colcon_parallel_executor.executor.parallel:run_until_complete
[0.382s] INFO:colcon.colcon_ros.task.ament_python.build:Building ROS package in '/home/ubuntu/rb3302_final_proj_code/student_ws/src/mapping_cartographer' with build type 'ament_python'
[0.383s] Level 1:colcon.colcon_core.shell:create_environment_hook('mapping_cartographer', 'ament_prefix_path')
[0.386s] INFO:colcon.colcon_core.plugin_system:Skipping extension 'colcon_core.shell.bat': Not used on non-Windows systems
[0.387s] INFO:colcon.colcon_core.shell:Creating environment hook '/home/ubuntu/rb3302_final_proj_code/student_ws/install/mapping_cartographer/share/mapping_cartographer/hook/ament_prefix_path.ps1'
[0.389s] INFO:colcon.colcon_core.shell:Creating environment descriptor '/home/ubuntu/rb3302_final_proj_code/student_ws/install/mapping_cartographer/share/mapping_cartographer/hook/ament_prefix_path.dsv'
[0.390s] INFO:colcon.colcon_core.shell:Creating environment hook '/home/ubuntu/rb3302_final_proj_code/student_ws/install/mapping_cartographer/share/mapping_cartographer/hook/ament_prefix_path.sh'
[0.391s] INFO:colcon.colcon_core.shell:Skip shell extension 'powershell' for command environment: Not usable outside of PowerShell
[0.391s] DEBUG:colcon.colcon_core.shell:Skip shell extension 'dsv' for command environment
[0.397s] INFO:colcon.colcon_ros.task.ament_cmake.build:Building ROS package in '/home/ubuntu/rb3302_final_proj_code/student_ws/src/planning_astar' with build type 'ament_cmake'
[0.397s] INFO:colcon.colcon_cmake.task.cmake.build:Building CMake package in '/home/ubuntu/rb3302_final_proj_code/student_ws/src/planning_astar'
[0.398s] INFO:colcon.colcon_core.shell:Skip shell extension 'powershell' for command environment: Not usable outside of PowerShell
[0.398s] DEBUG:colcon.colcon_core.shell:Skip shell extension 'dsv' for command environment
[0.403s] INFO:colcon.colcon_ros.task.ament_cmake.build:Building ROS package in '/home/ubuntu/rb3302_final_proj_code/student_ws/src/planning_rpp' with build type 'ament_cmake'
[0.403s] INFO:colcon.colcon_cmake.task.cmake.build:Building CMake package in '/home/ubuntu/rb3302_final_proj_code/student_ws/src/planning_rpp'
[0.404s] INFO:colcon.colcon_core.shell:Skip shell extension 'powershell' for command environment: Not usable outside of PowerShell
[0.404s] DEBUG:colcon.colcon_core.shell:Skip shell extension 'dsv' for command environment
[0.744s] INFO:colcon.colcon_core.task.python.build:Building Python package in '/home/ubuntu/rb3302_final_proj_code/student_ws/src/mapping_cartographer'
[0.744s] INFO:colcon.colcon_core.shell:Skip shell extension 'powershell' for command environment: Not usable outside of PowerShell
[0.744s] DEBUG:colcon.colcon_core.shell:Skip shell extension 'dsv' for command environment
[0.773s] DEBUG:colcon.colcon_core.event_handler.log_command:Invoking command in '/home/ubuntu/rb3302_final_proj_code/student_ws/build/planning_astar': CMAKE_PREFIX_PATH=${CMAKE_PREFIX_PATH}:/opt/ros/jazzy /usr/bin/cmake --build /home/ubuntu/rb3302_final_proj_code/student_ws/build/planning_astar -- -j8 -l8
[0.790s] DEBUG:colcon.colcon_core.event_handler.log_command:Invoking command in '/home/ubuntu/rb3302_final_proj_code/student_ws/build/planning_rpp': CMAKE_PREFIX_PATH=${CMAKE_PREFIX_PATH}:/opt/ros/jazzy /usr/bin/cmake --build /home/ubuntu/rb3302_final_proj_code/student_ws/build/planning_rpp -- -j8 -l8
[0.884s] DEBUG:colcon.colcon_core.event_handler.log_command:Invoked command in '/home/ubuntu/rb3302_final_proj_code/student_ws/build/planning_astar' returned '0': CMAKE_PREFIX_PATH=${CMAKE_PREFIX_PATH}:/opt/ros/jazzy /usr/bin/cmake --build /home/ubuntu/rb3302_final_proj_code/student_ws/build/planning_astar -- -j8 -l8
[0.917s] DEBUG:colcon.colcon_core.event_handler.log_command:Invoking command in '/home/ubuntu/rb3302_final_proj_code/student_ws/build/planning_astar': CMAKE_PREFIX_PATH=${CMAKE_PREFIX_PATH}:/opt/ros/jazzy /usr/bin/cmake --install /home/ubuntu/rb3302_final_proj_code/student_ws/build/planning_astar
[0.927s] DEBUG:colcon.colcon_core.event_handler.log_command:Invoked command in '/home/ubuntu/rb3302_final_proj_code/student_ws/build/planning_rpp' returned '0': CMAKE_PREFIX_PATH=${CMAKE_PREFIX_PATH}:/opt/ros/jazzy /usr/bin/cmake --build /home/ubuntu/rb3302_final_proj_code/student_ws/build/planning_rpp -- -j8 -l8
[0.930s] DEBUG:colcon.colcon_core.event_handler.log_command:Invoking command in '/home/ubuntu/rb3302_final_proj_code/student_ws/build/planning_rpp': CMAKE_PREFIX_PATH=${CMAKE_PREFIX_PATH}:/opt/ros/jazzy /usr/bin/cmake --install /home/ubuntu/rb3302_final_proj_code/student_ws/build/planning_rpp
[0.977s] Level 1:colcon.colcon_core.environment:create_environment_scripts_only(planning_astar)
[0.984s] DEBUG:colcon.colcon_core.event_handler.log_command:Invoked command in '/home/ubuntu/rb3302_final_proj_code/student_ws/build/planning_astar' returned '0': CMAKE_PREFIX_PATH=${CMAKE_PREFIX_PATH}:/opt/ros/jazzy /usr/bin/cmake --install /home/ubuntu/rb3302_final_proj_code/student_ws/build/planning_astar
[0.987s] Level 1:colcon.colcon_core.environment:checking '/home/ubuntu/rb3302_final_proj_code/student_ws/install/planning_astar' for CMake module files
[0.988s] Level 1:colcon.colcon_core.environment:checking '/home/ubuntu/rb3302_final_proj_code/student_ws/install/planning_astar' for CMake config files
[0.993s] Level 1:colcon.colcon_core.shell:create_environment_hook('planning_astar', 'cmake_prefix_path')
[0.994s] INFO:colcon.colcon_core.shell:Creating environment hook '/home/ubuntu/rb3302_final_proj_code/student_ws/install/planning_astar/share/planning_astar/hook/cmake_prefix_path.ps1'
[0.997s] INFO:colcon.colcon_core.shell:Creating environment descriptor '/home/ubuntu/rb3302_final_proj_code/student_ws/install/planning_astar/share/planning_astar/hook/cmake_prefix_path.dsv'
[0.999s] INFO:colcon.colcon_core.shell:Creating environment hook '/home/ubuntu/rb3302_final_proj_code/student_ws/install/planning_astar/share/planning_astar/hook/cmake_prefix_path.sh'
[1.003s] Level 1:colcon.colcon_core.environment:checking '/home/ubuntu/rb3302_final_proj_code/student_ws/install/planning_astar/bin'
[1.004s] Level 1:colcon.colcon_core.environment:checking '/home/ubuntu/rb3302_final_proj_code/student_ws/install/planning_astar/lib/pkgconfig/planning_astar.pc'
[1.005s] Level 1:colcon.colcon_core.environment:checking '/home/ubuntu/rb3302_final_proj_code/student_ws/install/planning_astar/lib/python3.12/site-packages'
[1.009s] Level 1:colcon.colcon_core.environment:checking '/home/ubuntu/rb3302_final_proj_code/student_ws/install/planning_astar/bin'
[1.010s] INFO:colcon.colcon_core.shell:Creating package script '/home/ubuntu/rb3302_final_proj_code/student_ws/install/planning_astar/share/planning_astar/package.ps1'
[1.016s] INFO:colcon.colcon_core.shell:Creating package descriptor '/home/ubuntu/rb3302_final_proj_code/student_ws/install/planning_astar/share/planning_astar/package.dsv'
[1.019s] INFO:colcon.colcon_core.shell:Creating package script '/home/ubuntu/rb3302_final_proj_code/student_ws/install/planning_astar/share/planning_astar/package.sh'
[1.022s] INFO:colcon.colcon_core.shell:Creating package script '/home/ubuntu/rb3302_final_proj_code/student_ws/install/planning_astar/share/planning_astar/package.bash'
[1.025s] INFO:colcon.colcon_core.shell:Creating package script '/home/ubuntu/rb3302_final_proj_code/student_ws/install/planning_astar/share/planning_astar/package.zsh'
[1.028s] Level 1:colcon.colcon_core.environment:create_file_with_runtime_dependencies(/home/ubuntu/rb3302_final_proj_code/student_ws/install/planning_astar/share/colcon-core/packages/planning_astar)
[1.032s] Level 1:colcon.colcon_core.environment:create_environment_scripts_only(planning_astar)
[1.033s] Level 1:colcon.colcon_core.environment:checking '/home/ubuntu/rb3302_final_proj_code/student_ws/install/planning_astar' for CMake module files
[1.036s] Level 1:colcon.colcon_core.environment:checking '/home/ubuntu/rb3302_final_proj_code/student_ws/install/planning_astar' for CMake config files
[1.038s] Level 1:colcon.colcon_core.shell:create_environment_hook('planning_astar', 'cmake_prefix_path')
[1.039s] INFO:colcon.colcon_core.shell:Creating environment hook '/home/ubuntu/rb3302_final_proj_code/student_ws/install/planning_astar/share/planning_astar/hook/cmake_prefix_path.ps1'
[1.041s] INFO:colcon.colcon_core.shell:Creating environment descriptor '/home/ubuntu/rb3302_final_proj_code/student_ws/install/planning_astar/share/planning_astar/hook/cmake_prefix_path.dsv'
[1.043s] INFO:colcon.colcon_core.shell:Creating environment hook '/home/ubuntu/rb3302_final_proj_code/student_ws/install/planning_astar/share/planning_astar/hook/cmake_prefix_path.sh'
[1.046s] Level 1:colcon.colcon_core.environment:checking '/home/ubuntu/rb3302_final_proj_code/student_ws/install/planning_astar/bin'
[1.046s] Level 1:colcon.colcon_core.environment:checking '/home/ubuntu/rb3302_final_proj_code/student_ws/install/planning_astar/lib/pkgconfig/planning_astar.pc'
[1.048s] Level 1:colcon.colcon_core.environment:checking '/home/ubuntu/rb3302_final_proj_code/student_ws/install/planning_astar/lib/python3.12/site-packages'
[1.050s] Level 1:colcon.colcon_core.environment:checking '/home/ubuntu/rb3302_final_proj_code/student_ws/install/planning_astar/bin'
[1.051s] INFO:colcon.colcon_core.shell:Creating package script '/home/ubuntu/rb3302_final_proj_code/student_ws/install/planning_astar/share/planning_astar/package.ps1'
[1.054s] INFO:colcon.colcon_core.shell:Creating package descriptor '/home/ubuntu/rb3302_final_proj_code/student_ws/install/planning_astar/share/planning_astar/package.dsv'
[1.056s] INFO:colcon.colcon_core.shell:Creating package script '/home/ubuntu/rb3302_final_proj_code/student_ws/install/planning_astar/share/planning_astar/package.sh'
[1.058s] INFO:colcon.colcon_core.shell:Creating package script '/home/ubuntu/rb3302_final_proj_code/student_ws/install/planning_astar/share/planning_astar/package.bash'
[1.060s] INFO:colcon.colcon_core.shell:Creating package script '/home/ubuntu/rb3302_final_proj_code/student_ws/install/planning_astar/share/planning_astar/package.zsh'
[1.062s] Level 1:colcon.colcon_core.environment:create_file_with_runtime_dependencies(/home/ubuntu/rb3302_final_proj_code/student_ws/install/planning_astar/share/colcon-core/packages/planning_astar)
[1.065s] Level 1:colcon.colcon_core.environment:create_environment_scripts_only(planning_rpp)
[1.065s] Level 1:colcon.colcon_core.environment:checking '/home/ubuntu/rb3302_final_proj_code/student_ws/install/planning_rpp' for CMake module files
[1.067s] Level 1:colcon.colcon_core.environment:checking '/home/ubuntu/rb3302_final_proj_code/student_ws/install/planning_rpp' for CMake config files
[1.068s] Level 1:colcon.colcon_core.shell:create_environment_hook('planning_rpp', 'cmake_prefix_path')
[1.068s] INFO:colcon.colcon_core.shell:Creating environment hook '/home/ubuntu/rb3302_final_proj_code/student_ws/install/planning_rpp/share/planning_rpp/hook/cmake_prefix_path.ps1'
[1.071s] DEBUG:colcon.colcon_core.event_handler.log_command:Invoked command in '/home/ubuntu/rb3302_final_proj_code/student_ws/build/planning_rpp' returned '0': CMAKE_PREFIX_PATH=${CMAKE_PREFIX_PATH}:/opt/ros/jazzy /usr/bin/cmake --install /home/ubuntu/rb3302_final_proj_code/student_ws/build/planning_rpp
[1.071s] INFO:colcon.colcon_core.shell:Creating environment descriptor '/home/ubuntu/rb3302_final_proj_code/student_ws/install/planning_rpp/share/planning_rpp/hook/cmake_prefix_path.dsv'
[1.072s] INFO:colcon.colcon_core.shell:Creating environment hook '/home/ubuntu/rb3302_final_proj_code/student_ws/install/planning_rpp/share/planning_rpp/hook/cmake_prefix_path.sh'
[1.073s] Level 1:colcon.colcon_core.environment:checking '/home/ubuntu/rb3302_final_proj_code/student_ws/install/planning_rpp/bin'
[1.073s] Level 1:colcon.colcon_core.environment:checking '/home/ubuntu/rb3302_final_proj_code/student_ws/install/planning_rpp/lib/pkgconfig/planning_rpp.pc'
[1.074s] Level 1:colcon.colcon_core.environment:checking '/home/ubuntu/rb3302_final_proj_code/student_ws/install/planning_rpp/lib/python3.12/site-packages'
[1.074s] Level 1:colcon.colcon_core.environment:checking '/home/ubuntu/rb3302_final_proj_code/student_ws/install/planning_rpp/bin'
[1.075s] INFO:colcon.colcon_core.shell:Creating package script '/home/ubuntu/rb3302_final_proj_code/student_ws/install/planning_rpp/share/planning_rpp/package.ps1'
[1.076s] INFO:colcon.colcon_core.shell:Creating package descriptor '/home/ubuntu/rb3302_final_proj_code/student_ws/install/planning_rpp/share/planning_rpp/package.dsv'
[1.076s] INFO:colcon.colcon_core.shell:Creating package script '/home/ubuntu/rb3302_final_proj_code/student_ws/install/planning_rpp/share/planning_rpp/package.sh'
[1.077s] INFO:colcon.colcon_core.shell:Creating package script '/home/ubuntu/rb3302_final_proj_code/student_ws/install/planning_rpp/share/planning_rpp/package.bash'
[1.077s] INFO:colcon.colcon_core.shell:Creating package script '/home/ubuntu/rb3302_final_proj_code/student_ws/install/planning_rpp/share/planning_rpp/package.zsh'
[1.078s] Level 1:colcon.colcon_core.environment:create_file_with_runtime_dependencies(/home/ubuntu/rb3302_final_proj_code/student_ws/install/planning_rpp/share/colcon-core/packages/planning_rpp)
[1.079s] Level 1:colcon.colcon_core.environment:create_environment_scripts_only(planning_rpp)
[1.080s] Level 1:colcon.colcon_core.environment:checking '/home/ubuntu/rb3302_final_proj_code/student_ws/install/planning_rpp' for CMake module files
[1.080s] Level 1:colcon.colcon_core.environment:checking '/home/ubuntu/rb3302_final_proj_code/student_ws/install/planning_rpp' for CMake config files
[1.081s] Level 1:colcon.colcon_core.shell:create_environment_hook('planning_rpp', 'cmake_prefix_path')
[1.081s] INFO:colcon.colcon_core.shell:Creating environment hook '/home/ubuntu/rb3302_final_proj_code/student_ws/install/planning_rpp/share/planning_rpp/hook/cmake_prefix_path.ps1'
[1.082s] INFO:colcon.colcon_core.shell:Creating environment descriptor '/home/ubuntu/rb3302_final_proj_code/student_ws/install/planning_rpp/share/planning_rpp/hook/cmake_prefix_path.dsv'
[1.082s] INFO:colcon.colcon_core.shell:Creating environment hook '/home/ubuntu/rb3302_final_proj_code/student_ws/install/planning_rpp/share/planning_rpp/hook/cmake_prefix_path.sh'
[1.083s] Level 1:colcon.colcon_core.environment:checking '/home/ubuntu/rb3302_final_proj_code/student_ws/install/planning_rpp/bin'
[1.083s] Level 1:colcon.colcon_core.environment:checking '/home/ubuntu/rb3302_final_proj_code/student_ws/install/planning_rpp/lib/pkgconfig/planning_rpp.pc'
[1.084s] Level 1:colcon.colcon_core.environment:checking '/home/ubuntu/rb3302_final_proj_code/student_ws/install/planning_rpp/lib/python3.12/site-packages'
[1.084s] Level 1:colcon.colcon_core.environment:checking '/home/ubuntu/rb3302_final_proj_code/student_ws/install/planning_rpp/bin'
[1.084s] INFO:colcon.colcon_core.shell:Creating package script '/home/ubuntu/rb3302_final_proj_code/student_ws/install/planning_rpp/share/planning_rpp/package.ps1'
[1.085s] INFO:colcon.colcon_core.shell:Creating package descriptor '/home/ubuntu/rb3302_final_proj_code/student_ws/install/planning_rpp/share/planning_rpp/package.dsv'
[1.086s] INFO:colcon.colcon_core.shell:Creating package script '/home/ubuntu/rb3302_final_proj_code/student_ws/install/planning_rpp/share/planning_rpp/package.sh'
[1.087s] INFO:colcon.colcon_core.shell:Creating package script '/home/ubuntu/rb3302_final_proj_code/student_ws/install/planning_rpp/share/planning_rpp/package.bash'
[1.087s] INFO:colcon.colcon_core.shell:Creating package script '/home/ubuntu/rb3302_final_proj_code/student_ws/install/planning_rpp/share/planning_rpp/package.zsh'
[1.088s] Level 1:colcon.colcon_core.environment:create_file_with_runtime_dependencies(/home/ubuntu/rb3302_final_proj_code/student_ws/install/planning_rpp/share/colcon-core/packages/planning_rpp)
[1.732s] DEBUG:colcon.colcon_core.task.python.build:Available setuptools commands: build_clib, bdist_dumb, easy_install, setopt, rotate, bdist_egg, develop, install, check, symlink_data, bdist, upload_docs, bdist_rpm, install_data, build_py, upload, init_catalog, compile_catalog, test, update_catalog, install_scripts, saveopts, extract_messages, install_egg_info, clean, build_scripts, sdist, build_ext, register, build, egg_info, bdist_wheel, install_headers, install_lib, alias, dist_info, editable_wheel
[2.254s] DEBUG:colcon.colcon_core.task.python.build:Available setuptools 'develop' options: --record, --force-installation-into-system-dir, --no-find-links, --optimize, --exclude-scripts, --build-directory, --quiet, --help, --always-copy, --site-dirs, --local-snapshots-ok, --script-dir, --prefix, --no-user-cfg, --zip-ok, --dry-run, --index-url, --upgrade, --multi-version, --install-dir, --allow-hosts, --verbose, --editable, --version, --install-layout, --find-links, --no-deps, --user, --uninstall, --egg-path, --always-unzip
[2.270s] DEBUG:colcon.colcon_core.event_handler.log_command:Invoking command in '/home/ubuntu/rb3302_final_proj_code/student_ws/build/mapping_cartographer': PYTHONPATH=/home/ubuntu/rb3302_final_proj_code/student_ws/build/mapping_cartographer/prefix_override:/usr/lib/python3/dist-packages/colcon_core/task/python/colcon_distutils_commands:/home/ubuntu/rb3302_final_proj_code/student_ws/install/mapping_cartographer/lib/python3.12/site-packages:${PYTHONPATH} /usr/bin/python3 -W ignore:setup.py install is deprecated -W ignore:easy_install command is deprecated setup.py develop --editable --build-directory /home/ubuntu/rb3302_final_proj_code/student_ws/build/mapping_cartographer/build --no-deps symlink_data
[3.289s] Level 1:colcon.colcon_core.shell:create_environment_hook('mapping_cartographer', 'pythonpath_develop')
[3.292s] INFO:colcon.colcon_core.shell:Creating environment hook '/home/ubuntu/rb3302_final_proj_code/student_ws/build/mapping_cartographer/share/mapping_cartographer/hook/pythonpath_develop.ps1'
[3.297s] DEBUG:colcon.colcon_core.event_handler.log_command:Invoked command in '/home/ubuntu/rb3302_final_proj_code/student_ws/build/mapping_cartographer' returned '0': PYTHONPATH=/home/ubuntu/rb3302_final_proj_code/student_ws/build/mapping_cartographer/prefix_override:/usr/lib/python3/dist-packages/colcon_core/task/python/colcon_distutils_commands:/home/ubuntu/rb3302_final_proj_code/student_ws/install/mapping_cartographer/lib/python3.12/site-packages:${PYTHONPATH} /usr/bin/python3 -W ignore:setup.py install is deprecated -W ignore:easy_install command is deprecated setup.py develop --editable --build-directory /home/ubuntu/rb3302_final_proj_code/student_ws/build/mapping_cartographer/build --no-deps symlink_data
[3.299s] INFO:colcon.colcon_core.shell:Creating environment descriptor '/home/ubuntu/rb3302_final_proj_code/student_ws/build/mapping_cartographer/share/mapping_cartographer/hook/pythonpath_develop.dsv'
[3.301s] INFO:colcon.colcon_core.shell:Creating environment hook '/home/ubuntu/rb3302_final_proj_code/student_ws/build/mapping_cartographer/share/mapping_cartographer/hook/pythonpath_develop.sh'
[3.307s] Level 1:colcon.colcon_core.environment:checking '/home/ubuntu/rb3302_final_proj_code/student_ws/install/mapping_cartographer' for CMake module files
[3.315s] Level 1:colcon.colcon_core.environment:checking '/home/ubuntu/rb3302_final_proj_code/student_ws/install/mapping_cartographer' for CMake config files
[3.321s] Level 1:colcon.colcon_core.environment:checking '/home/ubuntu/rb3302_final_proj_code/student_ws/install/mapping_cartographer/lib'
[3.322s] Level 1:colcon.colcon_core.environment:checking '/home/ubuntu/rb3302_final_proj_code/student_ws/install/mapping_cartographer/bin'
[3.323s] Level 1:colcon.colcon_core.environment:checking '/home/ubuntu/rb3302_final_proj_code/student_ws/install/mapping_cartographer/lib/pkgconfig/mapping_cartographer.pc'
[3.326s] Level 1:colcon.colcon_core.environment:checking '/home/ubuntu/rb3302_final_proj_code/student_ws/install/mapping_cartographer/lib/python3.12/site-packages'
[3.327s] Level 1:colcon.colcon_core.shell:create_environment_hook('mapping_cartographer', 'pythonpath')
[3.328s] INFO:colcon.colcon_core.shell:Creating environment hook '/home/ubuntu/rb3302_final_proj_code/student_ws/install/mapping_cartographer/share/mapping_cartographer/hook/pythonpath.ps1'
[3.332s] INFO:colcon.colcon_core.shell:Creating environment descriptor '/home/ubuntu/rb3302_final_proj_code/student_ws/install/mapping_cartographer/share/mapping_cartographer/hook/pythonpath.dsv'
[3.334s] INFO:colcon.colcon_core.shell:Creating environment hook '/home/ubuntu/rb3302_final_proj_code/student_ws/install/mapping_cartographer/share/mapping_cartographer/hook/pythonpath.sh'
[3.341s] Level 1:colcon.colcon_core.environment:checking '/home/ubuntu/rb3302_final_proj_code/student_ws/install/mapping_cartographer/bin'
[3.342s] Level 1:colcon.colcon_core.environment:create_environment_scripts_only(mapping_cartographer)
[3.344s] INFO:colcon.colcon_core.shell:Creating package script '/home/ubuntu/rb3302_final_proj_code/student_ws/install/mapping_cartographer/share/mapping_cartographer/package.ps1'
[3.349s] INFO:colcon.colcon_core.shell:Creating package descriptor '/home/ubuntu/rb3302_final_proj_code/student_ws/install/mapping_cartographer/share/mapping_cartographer/package.dsv'
[3.351s] INFO:colcon.colcon_core.shell:Creating package script '/home/ubuntu/rb3302_final_proj_code/student_ws/install/mapping_cartographer/share/mapping_cartographer/package.sh'
[3.353s] INFO:colcon.colcon_core.shell:Creating package script '/home/ubuntu/rb3302_final_proj_code/student_ws/install/mapping_cartographer/share/mapping_cartographer/package.bash'
[3.355s] INFO:colcon.colcon_core.shell:Creating package script '/home/ubuntu/rb3302_final_proj_code/student_ws/install/mapping_cartographer/share/mapping_cartographer/package.zsh'
[3.356s] Level 1:colcon.colcon_core.environment:create_file_with_runtime_dependencies(/home/ubuntu/rb3302_final_proj_code/student_ws/install/mapping_cartographer/share/colcon-core/packages/mapping_cartographer)
[3.358s] DEBUG:colcon.colcon_parallel_executor.executor.parallel:closing loop
[3.360s] DEBUG:colcon.colcon_parallel_executor.executor.parallel:loop closed
[3.361s] DEBUG:colcon.colcon_parallel_executor.executor.parallel:run_until_complete finished with '0'
[3.361s] DEBUG:colcon.colcon_core.event_reactor:joining thread
[3.365s] DEBUG:colcon.colcon_core.event_reactor:joined thread
[3.366s] INFO:colcon.colcon_core.shell:Creating prefix script '/home/ubuntu/rb3302_final_proj_code/student_ws/install/local_setup.ps1'
[3.373s] INFO:colcon.colcon_core.shell:Creating prefix util module '/home/ubuntu/rb3302_final_proj_code/student_ws/install/_local_setup_util_ps1.py'
[3.382s] INFO:colcon.colcon_core.shell:Creating prefix chain script '/home/ubuntu/rb3302_final_proj_code/student_ws/install/setup.ps1'
[3.389s] INFO:colcon.colcon_core.shell:Creating prefix script '/home/ubuntu/rb3302_final_proj_code/student_ws/install/local_setup.sh'
[3.391s] INFO:colcon.colcon_core.shell:Creating prefix util module '/home/ubuntu/rb3302_final_proj_code/student_ws/install/_local_setup_util_sh.py'
[3.394s] INFO:colcon.colcon_core.shell:Creating prefix chain script '/home/ubuntu/rb3302_final_proj_code/student_ws/install/setup.sh'
[3.399s] INFO:colcon.colcon_core.shell:Creating prefix script '/home/ubuntu/rb3302_final_proj_code/student_ws/install/local_setup.bash'
[3.401s] INFO:colcon.colcon_core.shell:Creating prefix chain script '/home/ubuntu/rb3302_final_proj_code/student_ws/install/setup.bash'
[3.405s] INFO:colcon.colcon_core.shell:Creating prefix script '/home/ubuntu/rb3302_final_proj_code/student_ws/install/local_setup.zsh'
[3.407s] INFO:colcon.colcon_core.shell:Creating prefix chain script '/home/ubuntu/rb3302_final_proj_code/student_ws/install/setup.zsh'
